 environment_cpp

 Timestamp is 5cdaeab1 (Wed May 15 00:20:01 2019)

 Preferred load address is 0000000180000000

 Start         Length     Name                   Class
 0001:00000000 00000110H .text$di                CODE
 0001:00000110 0001d8f0H .text$mn                CODE
 0001:0001da00 00000020H .text$mn$00             CODE
 0001:0001da20 000005c0H .text$x                 CODE
 0001:0001dfe0 0000012cH .text$yd                CODE
 0002:00000000 000002a0H .idata$5                DATA
 0002:000002a0 00000010H .00cfg                  DATA
 0002:000002b0 00000008H .CRT$XCA                DATA
 0002:000002b8 00000038H .CRT$XCC                DATA
 0002:000002f0 00000010H .CRT$XCL                DATA
 0002:00000300 00000008H .CRT$XCU                DATA
 0002:00000308 00000008H .CRT$XCZ                DATA
 0002:00000310 00000008H .CRT$XIA                DATA
 0002:00000318 00000028H .CRT$XIC                DATA
 0002:00000340 00000008H .CRT$XIZ                DATA
 0002:00000348 00000008H .CRT$XPA                DATA
 0002:00000350 00000010H .CRT$XPX                DATA
 0002:00000360 00000008H .CRT$XPXA               DATA
 0002:00000368 00000008H .CRT$XPZ                DATA
 0002:00000370 00000008H .CRT$XTA                DATA
 0002:00000378 00000008H .CRT$XTZ                DATA
 0002:00000380 00000000H .gfids$y                DATA
 0002:00000380 000108e0H .rdata                  DATA
 0002:00010c60 00000ebcH .rdata$r                DATA
 0002:00011b1c 000003f4H .rdata$zzzdbg           DATA
 0002:00011f10 00000008H .rtc$IAA                DATA
 0002:00011f18 00000008H .rtc$IZZ                DATA
 0002:00011f20 00000008H .rtc$TAA                DATA
 0002:00011f28 00000008H .rtc$TZZ                DATA
 0002:00011f30 00001a20H .xdata                  DATA
 0002:00013950 000003b4H .xdata$x                DATA
 0002:00013d04 00000020H .didat$2                DATA
 0002:00013d24 00000024H .didat$3                DATA
 0002:00013d48 00000070H .didat$4                DATA
 0002:00013db8 00000348H .didat$6                DATA
 0002:00014100 00000070H .didat$7                DATA
 0002:00014170 00000064H .edata                  DATA
 0002:000141d4 00000014H .idata$2                DATA
 0002:000141e8 00000018H .idata$3                DATA
 0002:00014200 000002a0H .idata$4                DATA
 0002:000144a0 00000606H .idata$6                DATA
 0003:00000000 00000ba0H .data                   DATA
 0003:00000ba0 00000618H .data$r                 DATA
 0003:000011b8 00000078H .didat$5                DATA
 0003:00001230 00001968H .bss                    DATA
 0004:00000000 00001cecH .pdata                  DATA
 0005:00000000 00000060H .rsrc$01                DATA
 0005:00000060 00000180H .rsrc$02                DATA

  Address         Publics by Value              Rva+Base               Lib:Object

 0000:00000000       __hybrid_code_map_count    0000000000000000     <absolute>
 0000:00000000       __hybrid_code_map          0000000000000000     <absolute>
 0000:00000000       __guard_iat_count          0000000000000000     <absolute>
 0000:00000000       __guard_longjmp_count      0000000000000000     <absolute>
 0000:00000000       __guard_longjmp_table      0000000000000000     <absolute>
 0000:00000000       __volatile_metadata        0000000000000000     <absolute>
 0000:00000000       __guard_iat_table          0000000000000000     <absolute>
 0000:00000000       __guard_fids_count         0000000000000000     <absolute>
 0000:00000000       ___safe_se_handler_count   0000000000000000     <absolute>
 0000:00000000       __enclave_config           0000000000000000     <absolute>
 0000:00000000       ___safe_se_handler_table   0000000000000000     <absolute>
 0000:00000000       __guard_fids_table         0000000000000000     <absolute>
 0000:00000000       __hybrid_auxiliary_iat     0000000000000000     <absolute>
 0000:00000000       __dynamic_value_reloc_table 0000000000000000     <absolute>
 0000:00000100       __guard_flags              0000000000000100     <absolute>
 0000:00000000       __ImageBase                0000000180000000     <linker-defined>
 0001:00000110       ?what@exception@stdext@@UEBAPEBDXZ 0000000180001110 f i environment_variable.obj
 0001:00000130       ?_Raise@exception@stdext@@QEBAXXZ 0000000180001130 f i environment_variable.obj
 0001:00000170       ?_Lock@?$basic_streambuf@DU?$char_traits@D@std@@@std@@UEAAXXZ 0000000180001170 f i libcpmt:cout.obj
 0001:00000170       ?imbue@?$basic_streambuf@DU?$char_traits@D@std@@@std@@MEAAXAEBVlocale@2@@Z 0000000180001170 f i libcpmt:cout.obj
 0001:00000170       _guard_check_icall_nop     0000000180001170 f i LIBCMT:guard_support.obj
 0001:00000170       ?_Doraise@exception@stdext@@MEBAXXZ 0000000180001170 f i environment_variable.obj
 0001:00000170       ?_Unlock@?$basic_streambuf@DU?$char_traits@D@std@@@std@@UEAAXXZ 0000000180001170 f i libcpmt:cout.obj
 0001:00000180       ??_Gruntime_error@std@@UEAAPEAXI@Z 0000000180001180 f i environment_variable.obj
 0001:00000180       ??_Gexception@stdext@@UEAAPEAXI@Z 0000000180001180 f i environment_variable.obj
 0001:00000180       ??_Eruntime_error@std@@UEAAPEAXI@Z 0000000180001180 f i * CIL library *:* CIL module *
 0001:00000180       ??_Eexception@stdext@@UEAAPEAXI@Z 0000000180001180 f i * CIL library *:* CIL module *
 0001:000001b0       ??0runtime_error@std@@QEAA@PEBD@Z 00000001800011b0 f i environment_variable.obj
 0001:000001d0       ??0_Locinfo@std@@QEAA@PEBD@Z 00000001800011d0 f i environment_variable.obj
 0001:00000250       ??1_Locinfo@std@@QEAA@XZ   0000000180001250 f i environment_variable.obj
 0001:000002f0       ??_G_Facet_base@std@@UEAAPEAXI@Z 00000001800012f0 f i environment_variable.obj
 0001:000002f0       ??_E_Facet_base@std@@UEAAPEAXI@Z 00000001800012f0 f i * CIL library *:* CIL module *
 0001:00000320       ?_Incref@facet@locale@std@@UEAAXXZ 0000000180001320 f i environment_variable.obj
 0001:00000330       ?_Decref@facet@locale@std@@UEAAPEAV_Facet_base@3@XZ 0000000180001330 f i environment_variable.obj
 0001:00000340       ?do_tolower@?$ctype@D@std@@MEBADD@Z 0000000180001340 f i environment_variable.obj
 0001:00000350       ?do_tolower@?$ctype@D@std@@MEBAPEBDPEADPEBD@Z 0000000180001350 f i environment_variable.obj
 0001:000003b0       ?do_toupper@?$ctype@D@std@@MEBADD@Z 00000001800013b0 f i environment_variable.obj
 0001:000003c0       ?do_toupper@?$ctype@D@std@@MEBAPEBDPEADPEBD@Z 00000001800013c0 f i environment_variable.obj
 0001:00000420       ?do_widen@?$ctype@D@std@@MEBADD@Z 0000000180001420 f i environment_variable.obj
 0001:00000420       ?do_narrow@?$ctype@D@std@@MEBADDD@Z 0000000180001420 f i environment_variable.obj
 0001:00000430       ?do_widen@?$ctype@D@std@@MEBAPEBDPEBD0PEAD@Z 0000000180001430 f i environment_variable.obj
 0001:00000450       ?do_narrow@?$ctype@D@std@@MEBAPEBDPEBD0DPEAD@Z 0000000180001450 f i environment_variable.obj
 0001:00000470       ??_E?$ctype@D@std@@MEAAPEAXI@Z 0000000180001470 f i * CIL library *:* CIL module *
 0001:00000470       ??_G?$ctype@D@std@@MEAAPEAXI@Z 0000000180001470 f i environment_variable.obj
 0001:000004e0       ?default_error_condition@error_category@std@@UEBA?AVerror_condition@2@H@Z 00000001800014e0 f i environment_variable.obj
 0001:000004f0       ?equivalent@error_category@std@@UEBA_NHAEBVerror_condition@2@@Z 00000001800014f0 f i environment_variable.obj
 0001:00000530       ?equivalent@error_category@std@@UEBA_NAEBVerror_code@2@H@Z 0000000180001530 f i environment_variable.obj
 0001:00000550       ?make_error_code@std@@YA?AVerror_code@1@W4io_errc@1@@Z 0000000180001550 f i environment_variable.obj
 0001:000005a0       ??0_System_error@std@@IEAA@Verror_code@1@AEBV?$basic_string@DU?$char_traits@D@std@@V?$allocator@D@2@@1@@Z 00000001800015a0 f i environment_variable.obj
 0001:000007d0       ??_E_System_error@std@@UEAAPEAXI@Z 00000001800017d0 f i * CIL library *:* CIL module *
 0001:000007d0       ??_Efailure@ios_base@std@@UEAAPEAXI@Z 00000001800017d0 f i * CIL library *:* CIL module *
 0001:000007d0       ??_Gfailure@ios_base@std@@UEAAPEAXI@Z 00000001800017d0 f i environment_variable.obj
 0001:000007d0       ??_Gsystem_error@std@@UEAAPEAXI@Z 00000001800017d0 f i environment_variable.obj
 0001:000007d0       ??_Esystem_error@std@@UEAAPEAXI@Z 00000001800017d0 f i * CIL library *:* CIL module *
 0001:000007d0       ??_G_System_error@std@@UEAAPEAXI@Z 00000001800017d0 f i environment_variable.obj
 0001:00000800       ?name@_Iostream_error_category@std@@UEBAPEBDXZ 0000000180001800 f i environment_variable.obj
 0001:00000810       ?message@_Iostream_error_category@std@@UEBA?AV?$basic_string@DU?$char_traits@D@std@@V?$allocator@D@2@@2@H@Z 0000000180001810 f i environment_variable.obj
 0001:00000860       ??_E_Iostream_error_category@std@@UEAAPEAXI@Z 0000000180001860 f i * CIL library *:* CIL module *
 0001:00000860       ??_G_Iostream_error_category@std@@UEAAPEAXI@Z 0000000180001860 f i environment_variable.obj
 0001:00000890       ??0failure@ios_base@std@@QEAA@PEBDAEBVerror_code@2@@Z 0000000180001890 f i environment_variable.obj
 0001:00000940       ??1failure@ios_base@std@@UEAA@XZ 0000000180001940 f i environment_variable.obj
 0001:00000950       ?isDebug@demo@@YAXAEBV?$FunctionCallbackInfo@VValue@v8@@@v8@@@Z 0000000180001950 f   environment_variable.obj
 0001:00000a80       ?init@demo@@YAXV?$Local@VObject@v8@@@v8@@@Z 0000000180001a80 f   environment_variable.obj
 0001:00000ba0       ??1?$basic_string@DU?$char_traits@D@std@@V?$allocator@D@2@@std@@QEAA@XZ 0000000180001ba0 f i environment_variable.obj
 0001:00000c00       ??0?$basic_string@DU?$char_traits@D@std@@V?$allocator@D@2@@std@@QEAA@QEBD@Z 0000000180001c00 f i environment_variable.obj
 0001:00000d70       ??0?$basic_string@DU?$char_traits@D@std@@V?$allocator@D@2@@std@@QEAA@AEBV01@@Z 0000000180001d70 f i environment_variable.obj
 0001:00000e50       ?append@?$basic_string@DU?$char_traits@D@std@@V?$allocator@D@2@@std@@QEAAAEAV12@QEBD_K@Z 0000000180001e50 f i environment_variable.obj
 0001:00000ed0       ??$use_facet@V?$ctype@D@std@@@std@@YAAEBV?$ctype@D@0@AEBVlocale@0@@Z 0000000180001ed0 f i environment_variable.obj
 0001:00001110       ??$?6U?$char_traits@D@std@@@std@@YAAEAV?$basic_ostream@DU?$char_traits@D@std@@@0@AEAV10@PEBD@Z 0000000180002110 f i environment_variable.obj
 0001:000013e0       ??$_Reallocate_grow_by@V<lambda_65e615be2a453ca0576c979606f46740>@@PEBD_K@?$basic_string@DU?$char_traits@D@std@@V?$allocator@D@2@@std@@QEAAAEAV01@_KV<lambda_65e615be2a453ca0576c979606f46740>@@PEBD_K@Z 00000001800023e0 f i environment_variable.obj
 0001:00001560       ??1?$unique_ptr@V_Facet_base@std@@U?$default_delete@V_Facet_base@std@@@2@@std@@QEAA@XZ 0000000180002560 f i environment_variable.obj
 0001:00001580       ??0sentry@?$basic_ostream@DU?$char_traits@D@std@@@std@@QEAA@AEAV12@@Z 0000000180002580 f i environment_variable.obj
 0001:000015f0       ?_Xlen@?$basic_string@DU?$char_traits@D@std@@V?$allocator@D@2@@std@@SAXXZ 00000001800025f0 f i environment_variable.obj
 0001:00001610       ?flush@?$basic_ostream@DU?$char_traits@D@std@@@std@@QEAAAEAV12@XZ 0000000180002610 f i environment_variable.obj
 0001:000016e0       ?put@?$basic_ostream@DU?$char_traits@D@std@@@std@@QEAAAEAV12@D@Z 00000001800026e0 f i environment_variable.obj
 0001:00001870       ?widen@?$basic_ios@DU?$char_traits@D@std@@@std@@QEBADD@Z 0000000180002870 f i environment_variable.obj
 0001:000018e0       ?setstate@?$basic_ios@DU?$char_traits@D@std@@@std@@QEAAXH_N@Z 00000001800028e0 f i environment_variable.obj
 0001:00001960       ??$_Immortalize_impl@V_Iostream_error_category@std@@@std@@YAHPEAX0PEAPEAX@Z 0000000180002960 f i environment_variable.obj
 0001:00001980       ??$_Insert_string@DU?$char_traits@D@std@@_K@std@@YAAEAV?$basic_ostream@DU?$char_traits@D@std@@@0@AEAV10@QEBD_K@Z 0000000180002980 f i environment_variable.obj
 0001:00001c8c       __tailMerge_node_exe       0000000180002c8c     node:node.exe
 0001:00001d05       __imp_load_?GetCurrentContext@Isolate@v8@@QEAA?AV?$Local@VContext@v8@@@2@XZ 0000000180002d05 f   node:node.exe
 0001:00001d11       __imp_load_?GetCurrent@Isolate@v8@@SAPEAV12@XZ 0000000180002d11 f   node:node.exe
 0001:00001d1d       __imp_load_??1HandleScope@v8@@QEAA@XZ 0000000180002d1d f   node:node.exe
 0001:00001d29       __imp_load_??0HandleScope@v8@@QEAA@PEAVIsolate@1@@Z 0000000180002d29 f   node:node.exe
 0001:00001d35       __imp_load_?GetFunction@FunctionTemplate@v8@@QEAA?AV?$MaybeLocal@VFunction@v8@@@2@V?$Local@VContext@v8@@@2@@Z 0000000180002d35 f   node:node.exe
 0001:00001d41       __imp_load_?New@FunctionTemplate@v8@@SA?AV?$Local@VFunctionTemplate@v8@@@2@PEAVIsolate@2@P6AXAEBV?$FunctionCallbackInfo@VValue@v8@@@2@@ZV?$Local@VValue@v8@@@2@V?$Local@VSignature@v8@@@2@HW4ConstructorBehavior@2@W4SideEffectType@2@@Z 0000000180002d41 f   node:node.exe
 0001:00001d4d       __imp_load_?ToLocalEmpty@V8@v8@@CAXXZ 0000000180002d4d f   node:node.exe
 0001:00001d59       __imp_load_?NumberValue@Value@v8@@QEBANXZ 0000000180002d59 f   node:node.exe
 0001:00001d65       __imp_load_?IsNumber@Value@v8@@QEBA_NXZ 0000000180002d65 f   node:node.exe
 0001:00001d71       __imp_load_?NewFromUtf8@String@v8@@SA?AV?$MaybeLocal@VString@v8@@@2@PEAVIsolate@2@PEBDW4NewStringType@2@H@Z 0000000180002d71 f   node:node.exe
 0001:00001d7d       __imp_load_?Set@Object@v8@@QEAA_NV?$Local@VValue@v8@@@2@0@Z 0000000180002d7d f   node:node.exe
 0001:00001d89       __imp_load_?SetName@Function@v8@@QEAAXV?$Local@VString@v8@@@2@@Z 0000000180002d89 f   node:node.exe
 0001:00001d95       __imp_load_node_module_register 0000000180002d95 f   node:node.exe
 0001:00001da4       ??0_Init_locks@std@@QEAA@XZ 0000000180002da4 f   libcpmt:xlock.obj
 0001:00001df0       ??0_Lockit@std@@QEAA@H@Z   0000000180002df0 f   libcpmt:xlock.obj
 0001:00001e2c       ??1_Init_locks@std@@QEAA@XZ 0000000180002e2c f   libcpmt:xlock.obj
 0001:00001e70       ??1_Lockit@std@@QEAA@XZ    0000000180002e70 f   libcpmt:xlock.obj
 0001:00001ea4       ??0_System_error@std@@QEAA@AEBV01@@Z 0000000180002ea4 f i libcpmt:xonce.obj
 0001:00001ef8       ??0exception@std@@QEAA@AEBV01@@Z 0000000180002ef8 f i libcpmt:xonce.obj
 0001:00001f30       ??0runtime_error@std@@QEAA@AEBV01@@Z 0000000180002f30 f i libcpmt:xonce.obj
 0001:00001f70       ??0system_error@std@@QEAA@AEBV01@@Z 0000000180002f70 f i libcpmt:xonce.obj
 0001:00001fcc       ??_Gbad_array_new_length@std@@UEAAPEAXI@Z 0000000180002fcc f i LIBCMT:throw_bad_alloc.obj
 0001:00001fcc       ??_Gexception@std@@UEAAPEAXI@Z 0000000180002fcc f i libcpmt:xonce.obj
 0001:00001fcc       ??_Elength_error@std@@UEAAPEAXI@Z 0000000180002fcc f i libcpmt:xthrow.obj
 0001:00001fcc       ??_Gbad_alloc@std@@UEAAPEAXI@Z 0000000180002fcc f i libcpmt:xthrow.obj
 0001:00001fcc       ??_Ebad_array_new_length@std@@UEAAPEAXI@Z 0000000180002fcc f i LIBCMT:throw_bad_alloc.obj
 0001:00001fcc       ??_Elogic_error@std@@UEAAPEAXI@Z 0000000180002fcc f i libcpmt:xthrow.obj
 0001:00001fcc       ??_Eexception@std@@UEAAPEAXI@Z 0000000180002fcc f i libcpmt:xonce.obj
 0001:00001fcc       ??_Gbad_exception@std@@UEAAPEAXI@Z 0000000180002fcc f i libvcruntime:frame.obj
 0001:00001fcc       ??_Ebad_cast@std@@UEAAPEAXI@Z 0000000180002fcc f i libcpmt:cout.obj
 0001:00001fcc       ??_Ebad_alloc@std@@UEAAPEAXI@Z 0000000180002fcc f i libcpmt:xthrow.obj
 0001:00001fcc       ??_Glength_error@std@@UEAAPEAXI@Z 0000000180002fcc f i libcpmt:xthrow.obj
 0001:00001fcc       ??_Ebad_exception@std@@UEAAPEAXI@Z 0000000180002fcc f i libvcruntime:frame.obj
 0001:00001fcc       ??_Glogic_error@std@@UEAAPEAXI@Z 0000000180002fcc f i libcpmt:xthrow.obj
 0001:00001fcc       ??_Gbad_cast@std@@UEAAPEAXI@Z 0000000180002fcc f i libcpmt:cout.obj
 0001:00002010       ?_Execute_once@std@@YAHAEAUonce_flag@1@P6AHPEAX1PEAPEAX@Z1@Z 0000000180003010 f   libcpmt:xonce.obj
 0001:00002018       ?what@exception@std@@UEBAPEBDXZ 0000000180003018 f i libcpmt:xonce.obj
 0001:00002188       ??$use_facet@V?$codecvt@DDU_Mbstatet@@@std@@@std@@YAAEBV?$codecvt@DDU_Mbstatet@@@0@AEBVlocale@0@@Z 0000000180003188 f i libcpmt:cout.obj
 0001:000022bc       ??0?$basic_ostream@DU?$char_traits@D@std@@@std@@QEAA@PEAV?$basic_streambuf@DU?$char_traits@D@std@@@1@_N@Z 00000001800032bc f i libcpmt:cout.obj
 0001:00002338       ??0?$basic_streambuf@DU?$char_traits@D@std@@@std@@IEAA@XZ 0000000180003338 f i libcpmt:cout.obj
 0001:000023e8       ??0_Init_cout@std@@QEAA@XZ 00000001800033e8 f i libcpmt:cout.obj
 0001:00002454       ??0bad_cast@std@@QEAA@AEBV01@@Z 0000000180003454 f i libcpmt:cout.obj
 0001:00002494       ??0bad_cast@std@@QEAA@XZ   0000000180003494 f i libcpmt:cout.obj
 0001:000024b4       ??0failure@ios_base@std@@QEAA@AEBV012@@Z 00000001800034b4 f i libcpmt:cout.obj
 0001:00002510       ??1?$basic_filebuf@DU?$char_traits@D@std@@@std@@UEAA@XZ 0000000180003510 f i libcpmt:cout.obj
 0001:000025a8       ??1?$basic_ios@DU?$char_traits@D@std@@@std@@UEAA@XZ 00000001800035a8 f i libcpmt:cout.obj
 0001:000025cc       ??1?$basic_streambuf@DU?$char_traits@D@std@@@std@@UEAA@XZ 00000001800035cc f i libcpmt:cout.obj
 0001:00002634       ??1length_error@std@@UEAA@XZ 0000000180003634 f i libcpmt:xthrow.obj
 0001:00002634       ??1bad_cast@std@@UEAA@XZ   0000000180003634 f i libcpmt:cout.obj
 0001:00002634       ??1bad_exception@std@@UEAA@XZ 0000000180003634 f i libvcruntime:frame.obj
 0001:00002634       ??1bad_alloc@std@@UEAA@XZ  0000000180003634 f i libcpmt:xthrow.obj
 0001:00002634       ??1bad_array_new_length@std@@UEAA@XZ 0000000180003634 f i LIBCMT:throw_bad_alloc.obj
 0001:00002648       ??_E?$basic_ostream@DU?$char_traits@D@std@@@std@@$4PPPPPPPM@A@EAAPEAXI@Z 0000000180003648 f i libcpmt:cout.obj
 0001:00002654       ??_E?$basic_filebuf@DU?$char_traits@D@std@@@std@@UEAAPEAXI@Z 0000000180003654 f i libcpmt:cout.obj
 0001:00002654       ??_G?$basic_filebuf@DU?$char_traits@D@std@@@std@@UEAAPEAXI@Z 0000000180003654 f i libcpmt:cout.obj
 0001:00002688       ??_E?$basic_ios@DU?$char_traits@D@std@@@std@@UEAAPEAXI@Z 0000000180003688 f i libcpmt:cout.obj
 0001:00002688       ??_G?$basic_ios@DU?$char_traits@D@std@@@std@@UEAAPEAXI@Z 0000000180003688 f i libcpmt:cout.obj
 0001:000026d4       ??_G?$basic_ostream@DU?$char_traits@D@std@@@std@@UEAAPEAXI@Z 00000001800036d4 f i libcpmt:cout.obj
 0001:000026d4       ??_E?$basic_ostream@DU?$char_traits@D@std@@@std@@UEAAPEAXI@Z 00000001800036d4 f i libcpmt:cout.obj
 0001:00002744       ??_E?$basic_streambuf@DU?$char_traits@D@std@@@std@@UEAAPEAXI@Z 0000000180003744 f i libcpmt:cout.obj
 0001:00002744       ??_G?$basic_streambuf@DU?$char_traits@D@std@@@std@@UEAAPEAXI@Z 0000000180003744 f i libcpmt:cout.obj
 0001:00002778       ??_E?$codecvt@DDU_Mbstatet@@@std@@MEAAPEAXI@Z 0000000180003778 f i libcpmt:cout.obj
 0001:00002778       ??_G?$codecvt@DDU_Mbstatet@@@std@@MEAAPEAXI@Z 0000000180003778 f i libcpmt:cout.obj
 0001:000027a4       ??_Gios_base@std@@UEAAPEAXI@Z 00000001800037a4 f i libcpmt:cout.obj
 0001:000027a4       ??_Eios_base@std@@UEAAPEAXI@Z 00000001800037a4 f i libcpmt:cout.obj
 0001:000027f0       ?_Endwrite@?$basic_filebuf@DU?$char_traits@D@std@@@std@@IEAA_NXZ 00000001800037f0 f i libcpmt:cout.obj
 0001:000028c8       ?_Getcat@?$codecvt@DDU_Mbstatet@@@std@@SA_KPEAPEBVfacet@locale@2@PEBV42@@Z 00000001800038c8 f i libcpmt:cout.obj
 0001:0000298c       ?_Init@?$basic_filebuf@DU?$char_traits@D@std@@@std@@IEAAXPEAU_iobuf@@W4_Initfl@12@@Z 000000018000398c f i libcpmt:cout.obj
 0001:00002a78       ?_Init@ios_base@std@@IEAAXXZ 0000000180003a78 f i libcpmt:cout.obj
 0001:00002af4       ?_Initcvt@?$basic_filebuf@DU?$char_traits@D@std@@@std@@IEAAXAEBV?$codecvt@DDU_Mbstatet@@@2@@Z 0000000180003af4 f i libcpmt:cout.obj
 0001:00002b84       ?_Lock@?$basic_filebuf@DU?$char_traits@D@std@@@std@@UEAAXXZ 0000000180003b84 f i libcpmt:cout.obj
 0001:00002ba0       ?_Unlock@?$basic_filebuf@DU?$char_traits@D@std@@@std@@UEAAXXZ 0000000180003ba0 f i libcpmt:cout.obj
 0001:00002bbc       ?clear@ios_base@std@@QEAAXH@Z 0000000180003bbc f i libcpmt:cout.obj
 0001:00002c28       ?do_always_noconv@?$codecvt@DDU_Mbstatet@@@std@@MEBA_NXZ 0000000180003c28 f i libcpmt:cout.obj
 0001:00002c28       __acrt_uninitialize_command_line 0000000180003c28 f i libucrt:argv_data.obj
 0001:00002c2c       ?do_encoding@codecvt_base@std@@MEBAHXZ 0000000180003c2c f i libcpmt:cout.obj
 0001:00002c2c       _get_startup_argv_mode     0000000180003c2c f i LIBCMT:argv_mode.obj
 0001:00002c2c       DllMain                    0000000180003c2c f i LIBCMT:dll_dllmain_stub.obj
 0001:00002c2c       ?do_max_length@codecvt_base@std@@MEBAHXZ 0000000180003c2c f i libcpmt:cout.obj
 0001:00002c34       ?do_out@?$codecvt@DDU_Mbstatet@@@std@@MEBAHAEAU_Mbstatet@@PEBD1AEAPEBDPEAD3AEAPEAD@Z 0000000180003c34 f i libcpmt:cout.obj
 0001:00002c34       ?do_in@?$codecvt@DDU_Mbstatet@@@std@@MEBAHAEAU_Mbstatet@@PEBD1AEAPEBDPEAD3AEAPEAD@Z 0000000180003c34 f i libcpmt:cout.obj
 0001:00002c50       ?do_length@?$codecvt@DDU_Mbstatet@@@std@@MEBAHAEAU_Mbstatet@@PEBD1_K@Z 0000000180003c50 f i libcpmt:cout.obj
 0001:00002c60       ?do_unshift@?$codecvt@DDU_Mbstatet@@@std@@MEBAHAEAU_Mbstatet@@PEAD1AEAPEAD@Z 0000000180003c60 f i libcpmt:cout.obj
 0001:00002c6c       ?imbue@?$basic_filebuf@DU?$char_traits@D@std@@@std@@MEAAXAEBVlocale@2@@Z 0000000180003c6c f i libcpmt:cout.obj
 0001:00002c90       ?init@?$basic_ios@DU?$char_traits@D@std@@@std@@IEAAXPEAV?$basic_streambuf@DU?$char_traits@D@std@@@2@_N@Z 0000000180003c90 f i libcpmt:cout.obj
 0001:00002d50       ?overflow@?$basic_filebuf@DU?$char_traits@D@std@@@std@@MEAAHH@Z 0000000180003d50 f i libcpmt:cout.obj
 0001:00002ed8       ?underflow@?$basic_streambuf@DU?$char_traits@D@std@@@std@@MEAAHXZ 0000000180003ed8 f i libcpmt:cout.obj
 0001:00002ed8       ?pbackfail@?$basic_streambuf@DU?$char_traits@D@std@@@std@@MEAAHH@Z 0000000180003ed8 f i libcpmt:cout.obj
 0001:00002ed8       ?overflow@?$basic_streambuf@DU?$char_traits@D@std@@@std@@MEAAHH@Z 0000000180003ed8 f i libcpmt:cout.obj
 0001:00002edc       ?pbackfail@?$basic_filebuf@DU?$char_traits@D@std@@@std@@MEAAHH@Z 0000000180003edc f i libcpmt:cout.obj
 0001:00002fa8       ?seekoff@?$basic_filebuf@DU?$char_traits@D@std@@@std@@MEAA?AV?$fpos@U_Mbstatet@@@2@_JHH@Z 0000000180003fa8 f i libcpmt:cout.obj
 0001:0000308c       ?seekpos@?$basic_streambuf@DU?$char_traits@D@std@@@std@@MEAA?AV?$fpos@U_Mbstatet@@@2@V32@H@Z 000000018000408c f i libcpmt:cout.obj
 0001:0000308c       ?seekoff@?$basic_streambuf@DU?$char_traits@D@std@@@std@@MEAA?AV?$fpos@U_Mbstatet@@@2@_JHH@Z 000000018000408c f i libcpmt:cout.obj
 0001:000030a0       ?seekpos@?$basic_filebuf@DU?$char_traits@D@std@@@std@@MEAA?AV?$fpos@U_Mbstatet@@@2@V32@H@Z 00000001800040a0 f i libcpmt:cout.obj
 0001:0000315c       ?setbuf@?$basic_filebuf@DU?$char_traits@D@std@@@std@@MEAAPEAV?$basic_streambuf@DU?$char_traits@D@std@@@2@PEAD_J@Z 000000018000415c f i libcpmt:cout.obj
 0001:000031b0       ?setbuf@?$basic_streambuf@DU?$char_traits@D@std@@@std@@MEAAPEAV12@PEAD_J@Z 00000001800041b0 f i libcpmt:cout.obj
 0001:000031b4       ?showmanyc@?$basic_streambuf@DU?$char_traits@D@std@@@std@@MEAA_JXZ 00000001800041b4 f i libcpmt:cout.obj
 0001:000031b4       ?sync@?$basic_streambuf@DU?$char_traits@D@std@@@std@@MEAAHXZ 00000001800041b4 f i libcpmt:cout.obj
 0001:000031b8       ?sync@?$basic_filebuf@DU?$char_traits@D@std@@@std@@MEAAHXZ 00000001800041b8 f i libcpmt:cout.obj
 0001:00003204       ?uflow@?$basic_filebuf@DU?$char_traits@D@std@@@std@@MEAAHXZ 0000000180004204 f i libcpmt:cout.obj
 0001:000034bc       ?uflow@?$basic_streambuf@DU?$char_traits@D@std@@@std@@MEAAHXZ 00000001800044bc f i libcpmt:cout.obj
 0001:000034f8       ?underflow@?$basic_filebuf@DU?$char_traits@D@std@@@std@@MEAAHXZ 00000001800044f8 f i libcpmt:cout.obj
 0001:0000355c       ?xsgetn@?$basic_filebuf@DU?$char_traits@D@std@@@std@@MEAA_JPEAD_J@Z 000000018000455c f i libcpmt:cout.obj
 0001:0000365c       ?xsgetn@?$basic_streambuf@DU?$char_traits@D@std@@@std@@MEAA_JPEAD_J@Z 000000018000465c f i libcpmt:cout.obj
 0001:00003718       ?xsputn@?$basic_filebuf@DU?$char_traits@D@std@@@std@@MEAA_JPEBD_J@Z 0000000180004718 f i libcpmt:cout.obj
 0001:000037dc       ?xsputn@?$basic_streambuf@DU?$char_traits@D@std@@@std@@MEAA_JPEBD_J@Z 00000001800047dc f i libcpmt:cout.obj
 0001:0000389c       ??1_Fac_tidy_reg_t@std@@QEAA@XZ 000000018000489c f i libcpmt:locale0.obj
 0001:00003904       ??4?$_Yarn@D@std@@QEAAAEAV01@PEBD@Z 0000000180004904 f i libcpmt:locale0.obj
 0001:0000397c       ??_E_Locimp@locale@std@@MEAAPEAXI@Z 000000018000497c f i libcpmt:locale0.obj
 0001:0000397c       ??_G_Locimp@locale@std@@MEAAPEAXI@Z 000000018000497c f i libcpmt:locale0.obj
 0001:000039e8       ?_Facet_Register@std@@YAXPEAV_Facet_base@1@@Z 00000001800049e8 f   libcpmt:locale0.obj
 0001:00003a20       ?_Getgloballocale@locale@std@@CAPEAV_Locimp@12@XZ 0000000180004a20 f   libcpmt:locale0.obj
 0001:00003a28       ?_Init@locale@std@@CAPEAV_Locimp@12@_N@Z 0000000180004a28 f   libcpmt:locale0.obj
 0001:00003ad4       ?_Locimp_dtor@_Locimp@locale@std@@CAXPEAV123@@Z 0000000180004ad4 f   libcpmt:locale0.obj
 0001:00003b5c       ?_Locinfo_ctor@_Locinfo@std@@SAXPEAV12@PEBD@Z 0000000180004b5c f   libcpmt:locale0.obj
 0001:00003bc8       ?_Locinfo_dtor@_Locinfo@std@@SAXPEAV12@@Z 0000000180004bc8 f   libcpmt:locale0.obj
 0001:00003be4       ?_New_Locimp@_Locimp@locale@std@@CAPEAV123@_N@Z 0000000180004be4 f   libcpmt:locale0.obj
 0001:00003c54       ?_Setgloballocale@locale@std@@CAXPEAX@Z 0000000180004c54 f   libcpmt:locale0.obj
 0001:00003c88       _Deletegloballocale        0000000180004c88 f   libcpmt:locale0.obj
 0001:00003cf8       ??0bad_alloc@std@@QEAA@AEBV01@@Z 0000000180004cf8 f i libcpmt:xthrow.obj
 0001:00003d38       ??0bad_alloc@std@@QEAA@XZ  0000000180004d38 f i libcpmt:xthrow.obj
 0001:00003d58       ??0length_error@std@@QEAA@AEBV01@@Z 0000000180004d58 f i libcpmt:xthrow.obj
 0001:00003d98       ??0length_error@std@@QEAA@PEBD@Z 0000000180004d98 f i libcpmt:xthrow.obj
 0001:00003de4       ??0logic_error@std@@QEAA@AEBV01@@Z 0000000180004de4 f i libcpmt:xthrow.obj
 0001:00003e24       ?_Xlength_error@std@@YAXPEBD@Z 0000000180004e24 f   libcpmt:xthrow.obj
 0001:00003e48       ?_Syserror_map@std@@YAPEBDH@Z 0000000180004e48 f   libcpmt:syserror.obj
 0001:00003e70       _Getctype                  0000000180004e70 f   libcpmt:_tolower.obj
 0001:00003f38       _Tolower                   0000000180004f38 f   libcpmt:_tolower.obj
 0001:00004068       _Toupper                   0000000180005068 f   libcpmt:_toupper.obj
 0001:000041a8       _Mtxdst                    00000001800051a8 f   libcpmt:xmtx.obj
 0001:000041b0       _Mtxinit                   00000001800051b0 f   libcpmt:xmtx.obj
 0001:000041c0       _Mtxlock                   00000001800051c0 f   libcpmt:xmtx.obj
 0001:000041c8       _Mtxunlock                 00000001800051c8 f   libcpmt:xmtx.obj
 0001:000046a0       __crtInitOnceExecuteOnce   00000001800056a0 f   libcpmt:winapisupp.obj
 0001:0000476c       __crtInitializeCriticalSectionEx 000000018000576c f   libcpmt:winapisupp.obj
 0001:0000479c       ?_Addstd@ios_base@std@@SAXPEAV12@@Z 000000018000579c f   libcpmt:ios.obj
 0001:00004814       ?_Ios_base_dtor@ios_base@std@@CAXPEAV12@@Z 0000000180005814 f   libcpmt:ios.obj
 0001:00004894       ?_Tidy@ios_base@std@@AEAAXXZ 0000000180005894 f i libcpmt:ios.obj
 0001:00004914       ?_Atexit@@YAXP6AXXZ@Z      0000000180005914 f   libcpmt:iosptrs.obj
 0001:00004954       __local_stdio_printf_options 0000000180005954 f i libcpmt:locale.obj
 0001:0000495c       __crtLCMapStringA          000000018000595c f   libcpmt:StlLCMapStringA.obj
 0001:00004c10       GetTableIndexFromLocaleName 0000000180005c10 f   libcpmt:winapinls.obj
 0001:00004ca0       __crtDownlevelLocaleNameToLCID 0000000180005ca0 f   libcpmt:winapinls.obj
 0001:00004cd4       __crtLCMapStringEx         0000000180005cd4 f   libcpmt:winapinls.obj
 0001:00004d70       __wcsnicmp_ascii           0000000180005d70 f   libcpmt:winapinls.obj
 0001:00004df0       __security_check_cookie    0000000180005df0 f   LIBCMT:amdsecgs.obj
 0001:00004e14       ??_V@YAXPEAX@Z             0000000180005e14 f   LIBCMT:delete_array.obj
 0001:00004e14       ??3@YAXPEAX_K@Z            0000000180005e14 f   LIBCMT:delete_scalar_size.obj
 0001:00004e1c       ??2@YAPEAX_K@Z             0000000180005e1c f   LIBCMT:new_scalar.obj
 0001:00004e58       ??_Etype_info@@UEAAPEAXI@Z 0000000180005e58 f i LIBCMT:std_type_info_static.obj
 0001:00004e58       ??_Gtype_info@@UEAAPEAXI@Z 0000000180005e58 f i LIBCMT:std_type_info_static.obj
 0001:000051b4       _DllMainCRTStartup         00000001800061b4 f   LIBCMT:dll_dllmain.obj
 0001:000051f4       __scrt_acquire_startup_lock 00000001800061f4 f   LIBCMT:utility.obj
 0001:00005230       __scrt_dllmain_after_initialize_c 0000000180006230 f   LIBCMT:utility.obj
 0001:00005264       __scrt_dllmain_before_initialize_c 0000000180006264 f   LIBCMT:utility.obj
 0001:0000527c       __scrt_dllmain_crt_thread_attach 000000018000627c f   LIBCMT:utility.obj
 0001:000052a4       __scrt_dllmain_crt_thread_detach 00000001800062a4 f   LIBCMT:utility.obj
 0001:000052bc       __scrt_dllmain_exception_filter 00000001800062bc f   LIBCMT:utility.obj
 0001:0000531c       __scrt_dllmain_uninitialize_c 000000018000631c f   LIBCMT:utility.obj
 0001:0000534c       __scrt_dllmain_uninitialize_critical 000000018000634c f   LIBCMT:utility.obj
 0001:00005360       __scrt_initialize_crt      0000000180006360 f   LIBCMT:utility.obj
 0001:000053ac       __scrt_initialize_onexit_tables 00000001800063ac f   LIBCMT:utility.obj
 0001:00005484       __scrt_is_nonwritable_in_current_image 0000000180006484 f   LIBCMT:utility.obj
 0001:00005520       __scrt_release_startup_lock 0000000180006520 f   LIBCMT:utility.obj
 0001:00005544       __scrt_uninitialize_crt    0000000180006544 f   LIBCMT:utility.obj
 0001:00005570       _onexit                    0000000180006570 f   LIBCMT:utility.obj
 0001:000055c0       atexit                     00000001800065c0 f   LIBCMT:utility.obj
 0001:000055d8       __GSHandlerCheck           00000001800065d8 f   LIBCMT:gshandler.obj
 0001:000055f8       __GSHandlerCheckCommon     00000001800065f8 f   LIBCMT:gshandler.obj
 0001:00005654       __GSHandlerCheck_EH        0000000180006654 f   LIBCMT:gshandlereh.obj
 0001:000056f0       __chkstk                   00000001800066f0 f   LIBCMT:chkstk.obj
 0001:000056f0       _alloca_probe              00000001800066f0 f   LIBCMT:chkstk.obj
 0001:00005744       __raise_securityfailure    0000000180006744 f   LIBCMT:gs_report.obj
 0001:00005778       __report_gsfailure         0000000180006778 f   LIBCMT:gs_report.obj
 0001:0000584c       __report_rangecheckfailure 000000018000684c f   LIBCMT:gs_report.obj
 0001:00005860       __report_securityfailure   0000000180006860 f   LIBCMT:gs_report.obj
 0001:000059e0       ??3@YAXPEAX@Z              00000001800069e0 f   LIBCMT:delete_scalar.obj
 0001:000059e8       ??0bad_array_new_length@std@@QEAA@AEBV01@@Z 00000001800069e8 f i LIBCMT:throw_bad_alloc.obj
 0001:00005a28       ??0bad_array_new_length@std@@QEAA@XZ 0000000180006a28 f i LIBCMT:throw_bad_alloc.obj
 0001:00005a48       ?__scrt_throw_std_bad_alloc@@YAXXZ 0000000180006a48 f   LIBCMT:throw_bad_alloc.obj
 0001:00005a68       ?__scrt_throw_std_bad_array_new_length@@YAXXZ 0000000180006a68 f   LIBCMT:throw_bad_alloc.obj
 0001:00005a88       __security_init_cookie     0000000180006a88 f   LIBCMT:gs_support.obj
 0001:00005b34       ?__scrt_initialize_type_info@@YAXXZ 0000000180006b34 f   LIBCMT:tncleanup.obj
 0001:00005b44       ?__scrt_uninitialize_type_info@@YAXXZ 0000000180006b44 f   LIBCMT:tncleanup.obj
 0001:00005b50       __local_stdio_scanf_options 0000000180006b50 f i LIBCMT:default_local_stdio_options.obj
 0001:00005b58       __scrt_initialize_default_local_stdio_options 0000000180006b58 f   LIBCMT:default_local_stdio_options.obj
 0001:00005b74       __scrt_get_dyn_tls_init_callback 0000000180006b74 f   LIBCMT:dyn_tls_init.obj
 0001:00005b7c       __crt_debugger_hook        0000000180006b7c f   LIBCMT:utility_desktop.obj
 0001:00005b84       __scrt_fastfail            0000000180006b84 f   LIBCMT:utility_desktop.obj
 0001:00005cd0       _RTC_Initialize            0000000180006cd0 f   LIBCMT:initsect.obj
 0001:00005d0c       _RTC_Terminate             0000000180006d0c f   LIBCMT:initsect.obj
 0001:00005d48       __isa_available_init       0000000180006d48 f   LIBCMT:cpu_disp.obj
 0001:00005f04       __scrt_is_ucrt_dll_in_use  0000000180006f04 f   LIBCMT:ucrt_detection.obj
 0001:00005f10       _purecall                  0000000180006f10 f   libvcruntime:purevirt.obj
 0001:00005f40       __std_exception_copy       0000000180006f40 f   libvcruntime:std_exception.obj
 0001:00005fd0       __std_exception_destroy    0000000180006fd0 f   libvcruntime:std_exception.obj
 0001:00005ff8       _CxxThrowException         0000000180006ff8 f   libvcruntime:throw.obj
 0001:000060b8       ??$_CallSETranslator@V__FrameHandler3@@@@YAHPEAUEHExceptionRecord@@PEA_KPEAU_CONTEXT@@PEAU_xDISPATCHER_CONTEXT@@PEBU_s_FuncInfo@@K1@Z 00000001800070b8 f i libvcruntime:risctrnsctrl.obj
 0001:0000610c       ?CatchTryBlock@__FrameHandler3@@SAPEBU_s_TryBlockMapEntry@@PEBU_s_FuncInfo@@H@Z 000000018000710c f   libvcruntime:risctrnsctrl.obj
 0001:00006164       ?ExecutionInCatch@__FrameHandler3@@SA_NPEAU_xDISPATCHER_CONTEXT@@PEBU_s_FuncInfo@@@Z 0000000180007164 f   libvcruntime:risctrnsctrl.obj
 0001:00006190       ?FrameUnwindToEmptyState@__FrameHandler3@@SAXPEA_KPEAU_xDISPATCHER_CONTEXT@@PEBU_s_FuncInfo@@@Z 0000000180007190 f   libvcruntime:risctrnsctrl.obj
 0001:000061f4       ?GetEstablisherFrame@__FrameHandler3@@SAPEA_KPEA_KPEAU_xDISPATCHER_CONTEXT@@PEBU_s_FuncInfo@@0@Z 00000001800071f4 f   libvcruntime:risctrnsctrl.obj
 0001:000062c0       ?GetRangeOfTrysToCheck@__FrameHandler3@@SA?AU?$pair@Viterator@TryBlockMap@__FrameHandler3@@V123@@std@@AEAVTryBlockMap@1@HH@Z 00000001800072c0 f   libvcruntime:risctrnsctrl.obj
 0001:0000641c       ?UnwindNestedFrames@__FrameHandler3@@SAXPEA_KPEAUEHExceptionRecord@@PEAU_CONTEXT@@0PEAXPEBU_s_FuncInfo@@HHPEBU_s_HandlerType@@PEAU_xDISPATCHER_CONTEXT@@E@Z 000000018000741c f   libvcruntime:risctrnsctrl.obj
 0001:00006540       _CreateFrameInfo           0000000180007540 f   libvcruntime:risctrnsctrl.obj
 0001:0000657c       _FindAndUnlinkFrame        000000018000757c f   libvcruntime:risctrnsctrl.obj
 0001:000065d0       _GetImageBase              00000001800075d0 f   libvcruntime:risctrnsctrl.obj
 0001:000065e4       _GetThrowImageBase         00000001800075e4 f   libvcruntime:risctrnsctrl.obj
 0001:000065f8       _SetImageBase              00000001800075f8 f   libvcruntime:risctrnsctrl.obj
 0001:00006610       _SetThrowImageBase         0000000180007610 f   libvcruntime:risctrnsctrl.obj
 0001:00006628       __CxxFrameHandler3         0000000180007628 f   libvcruntime:risctrnsctrl.obj
 0001:000066c0       memcpy_repmovs             00000001800076c0 f   libvcruntime:memcpy.obj
 0001:000066e0       memmove                    00000001800076e0 f   libvcruntime:memcpy.obj
 0001:000066e0       memcpy                     00000001800076e0 f   libvcruntime:memcpy.obj
 0001:00006b30       memset_repmovs             0000000180007b30 f   libvcruntime:memset.obj
 0001:00006b50       memset                     0000000180007b50 f   libvcruntime:memset.obj
 0001:00006ce0       __DestructExceptionObject  0000000180007ce0 f   libvcruntime:ehhelpers.obj
 0001:00006d54       ?_CallMemberFunction0@@YAXQEAX0@Z 0000000180007d54 f i libvcruntime:ehhelpers.obj
 0001:00006d58       _IsExceptionObjectToBeDestroyed 0000000180007d58 f   libvcruntime:ehhelpers.obj
 0001:00006d88       __AdjustPointer            0000000180007d88 f   libvcruntime:ehhelpers.obj
 0001:00006dac       __FrameUnwindFilter        0000000180007dac f   libvcruntime:ehhelpers.obj
 0001:00006df8       __std_terminate            0000000180007df8 f   libvcruntime:ehhelpers.obj
 0001:00006e20       memchr                     0000000180007e20 f   libvcruntime:memchr.obj
 0001:00006ea0       memcmp                     0000000180007ea0 f   libvcruntime:memcmp.obj
 0001:00006f68       __C_specific_handler       0000000180007f68 f   libvcruntime:riscchandler.obj
 0001:00007174       __vcrt_initialize          0000000180008174 f   libvcruntime:initialization.obj
 0001:000071a8       __vcrt_thread_attach       00000001800081a8 f   libvcruntime:initialization.obj
 0001:000071bc       __vcrt_thread_detach       00000001800081bc f   libvcruntime:initialization.obj
 0001:000071d0       __vcrt_uninitialize        00000001800081d0 f   libvcruntime:initialization.obj
 0001:000071f0       __vcrt_uninitialize_critical 00000001800081f0 f   libvcruntime:initialization.obj
 0001:00007200       __std_type_info_compare    0000000180008200 f   libvcruntime:std_type_info.obj
 0001:00007228       __std_type_info_destroy_list 0000000180008228 f   libvcruntime:std_type_info.obj
 0001:00007254       __vcrt_initialize_pure_virtual_call_handler 0000000180008254 f   libvcruntime:purevirt_data.obj
 0001:00007264       __vcrt_freefls             0000000180008264 f   libvcruntime:per_thread_data.obj
 0001:00007284       __vcrt_freeptd             0000000180008284 f   libvcruntime:per_thread_data.obj
 0001:000072d4       __vcrt_getptd              00000001800082d4 f   libvcruntime:per_thread_data.obj
 0001:000072f0       __vcrt_getptd_noexit       00000001800082f0 f   libvcruntime:per_thread_data.obj
 0001:000073bc       __vcrt_initialize_ptd      00000001800083bc f   libvcruntime:per_thread_data.obj
 0001:00007410       __vcrt_uninitialize_ptd    0000000180008410 f   libvcruntime:per_thread_data.obj
 0001:00007434       ?GetCurrentState@__FrameHandler3@@SAHPEA_KPEAU_xDISPATCHER_CONTEXT@@PEBU_s_FuncInfo@@@Z 0000000180008434 f   libvcruntime:ehstate.obj
 0001:0000745c       ?GetUnwindTryBlock@__FrameHandler3@@SAHPEA_KPEAU_xDISPATCHER_CONTEXT@@PEBU_s_FuncInfo@@@Z 000000018000845c f   libvcruntime:ehstate.obj
 0001:00007488       ?SetState@__FrameHandler3@@SAXPEA_KPEBU_s_FuncInfo@@H@Z 0000000180008488 f   libvcruntime:ehstate.obj
 0001:00007494       ?SetUnwindTryBlock@__FrameHandler3@@SAXPEA_KPEAU_xDISPATCHER_CONTEXT@@PEBU_s_FuncInfo@@H@Z 0000000180008494 f   libvcruntime:ehstate.obj
 0001:000074d0       ?StateFromControlPc@__FrameHandler3@@SAHPEBU_s_FuncInfo@@PEAU_xDISPATCHER_CONTEXT@@@Z 00000001800084d0 f   libvcruntime:ehstate.obj
 0001:000074d8       ?StateFromIp@__FrameHandler3@@SAHPEBU_s_FuncInfo@@PEAU_xDISPATCHER_CONTEXT@@_K@Z 00000001800084d8 f   libvcruntime:ehstate.obj
 0001:00007f64       ??$TypeMatchHelper@V__FrameHandler3@@@@YAHPEBU_s_HandlerType@@PEBU_s_CatchableType@@PEBU_s_ThrowInfo@@@Z 0000000180008f64 f i libvcruntime:frame.obj
 0001:000080a8       ??$__InternalCxxFrameHandler@V__FrameHandler3@@@@YA?AW4_EXCEPTION_DISPOSITION@@PEAUEHExceptionRecord@@PEA_KPEAU_CONTEXT@@PEAU_xDISPATCHER_CONTEXT@@PEBU_s_FuncInfo@@H1E@Z 00000001800090a8 f i libvcruntime:frame.obj
 0001:000082f0       ??0bad_exception@std@@QEAA@AEBV01@@Z 00000001800092f0 f i libvcruntime:frame.obj
 0001:00008330       ??0bad_exception@std@@QEAA@XZ 0000000180009330 f i libvcruntime:frame.obj
 0001:00008350       ?CxxCallCatchBlock@__FrameHandler3@@SAPEAXPEAU_EXCEPTION_RECORD@@@Z 0000000180009350 f   libvcruntime:frame.obj
 0001:000085c4       ?FrameUnwindToState@__FrameHandler3@@SAXPEA_KPEAU_xDISPATCHER_CONTEXT@@PEBU_s_FuncInfo@@H@Z 00000001800095c4 f   libvcruntime:frame.obj
 0001:00008758       ?GetHandlerSearchState@__FrameHandler3@@SAHPEA_KPEAU_xDISPATCHER_CONTEXT@@PEBU_s_FuncInfo@@@Z 0000000180009758 f i libvcruntime:frame.obj
 0001:0000895c       ?_CallMemberFunction1@@YAXQEAX00@Z 000000018000995c f i libvcruntime:frame.obj
 0001:00008968       ?_CallMemberFunction2@@YAXQEAX00H@Z 0000000180009968 f i libvcruntime:frame.obj
 0001:00008990       _NLG_Notify                0000000180009990 f   libvcruntime:notify.obj
 0001:000089b0       __NLG_Dispatch2            00000001800099b0 f   libvcruntime:notify.obj
 0001:000089c0       __NLG_Return2              00000001800099c0 f   libvcruntime:notify.obj
 0001:000089c4       __except_validate_context_record 00000001800099c4 f   libvcruntime:jbcxrval.obj
 0001:000089fc       __vcrt_initialize_locks    00000001800099fc f   libvcruntime:locks.obj
 0001:00008a44       __vcrt_uninitialize_locks  0000000180009a44 f   libvcruntime:locks.obj
 0001:00008c54       __vcrt_FlsAlloc            0000000180009c54 f   libvcruntime:winapi_downlevel.obj
 0001:00008c9c       __vcrt_FlsFree             0000000180009c9c f   libvcruntime:winapi_downlevel.obj
 0001:00008ce4       __vcrt_FlsGetValue         0000000180009ce4 f   libvcruntime:winapi_downlevel.obj
 0001:00008d2c       __vcrt_FlsSetValue         0000000180009d2c f   libvcruntime:winapi_downlevel.obj
 0001:00008d80       __vcrt_InitializeCriticalSectionEx 0000000180009d80 f   libvcruntime:winapi_downlevel.obj
 0001:00008de4       __vcrt_initialize_winapi_thunks 0000000180009de4 f   libvcruntime:winapi_downlevel.obj
 0001:00008e14       __vcrt_uninitialize_winapi_thunks 0000000180009e14 f   libvcruntime:winapi_downlevel.obj
 0001:00008e70       _CallSettingFrame          0000000180009e70 f   libvcruntime:handlers.obj
 0001:00008ec0       _CallSettingFrameEncoded   0000000180009ec0 f   libvcruntime:handlers.obj
 0001:00008f08       abort                      0000000180009f08 f   libucrt:abort.obj
 0001:00008f60       __acrt_call_reportfault    0000000180009f60 f   libucrt:invalid_parameter.obj
 0001:000090bc       __acrt_initialize_invalid_parameter_handler 000000018000a0bc f   libucrt:invalid_parameter.obj
 0001:000090c4       _invalid_parameter         000000018000a0c4 f   libucrt:invalid_parameter.obj
 0001:00009174       _invalid_parameter_noinfo  000000018000a174 f   libucrt:invalid_parameter.obj
 0001:00009194       _invalid_parameter_noinfo_noreturn 000000018000a194 f   libucrt:invalid_parameter.obj
 0001:000091c4       _invoke_watson             000000018000a1c4 f   libucrt:invalid_parameter.obj
 0001:0000920c       free                       000000018000a20c f   libucrt:free.obj
 0001:00009220       ??0_LocaleUpdate@@QEAA@QEAU__crt_locale_pointers@@@Z 000000018000a220 f i libucrt:stricmp.obj
 0001:000092bc       ??1_LocaleUpdate@@QEAA@XZ  000000018000a2bc f i libucrt:stricmp.obj
 0001:000092d0       __ascii_stricmp            000000018000a2d0 f   libucrt:stricmp.obj
 0001:00009310       _stricmp                   000000018000a310 f   libucrt:stricmp.obj
 0001:00009358       _stricmp_l                 000000018000a358 f   libucrt:stricmp.obj
 0001:0000940c       __acrt_initialize_locks    000000018000a40c f   libucrt:locks.obj
 0001:00009454       __acrt_lock                000000018000a454 f   libucrt:locks.obj
 0001:00009470       __acrt_uninitialize_locks  000000018000a470 f   libucrt:locks.obj
 0001:000094a8       __acrt_unlock              000000018000a4a8 f   libucrt:locks.obj
 0001:000094c4       _lock_locales              000000018000a4c4 f   libucrt:locks.obj
 0001:000094e0       _unlock_locales            000000018000a4e0 f   libucrt:locks.obj
 0001:000094f0       terminate                  000000018000a4f0 f   libucrt:terminate.obj
 0001:00009510       __acrt_initialize_stdio    000000018000a510 f   libucrt:_file.obj
 0001:00009630       __acrt_iob_func            000000018000a630 f   libucrt:_file.obj
 0001:00009644       __acrt_uninitialize_stdio  000000018000a644 f   libucrt:_file.obj
 0001:000096a0       _get_stream_buffer_pointers 000000018000a6a0 f   libucrt:_file.obj
 0001:000096e8       _lock_file                 000000018000a6e8 f   libucrt:_file.obj
 0001:000096f4       _unlock_file               000000018000a6f4 f   libucrt:_file.obj
 0001:00009700       _fclose_nolock             000000018000a700 f   libucrt:fclose.obj
 0001:00009784       fclose                     000000018000a784 f   libucrt:fclose.obj
 0001:00009a04       __acrt_stdio_flush_nolock  000000018000aa04 f   libucrt:fflush.obj
 0001:00009a80       _fflush_nolock             000000018000aa80 f   libucrt:fflush.obj
 0001:00009acc       _flushall                  000000018000aacc f   libucrt:fflush.obj
 0001:00009ad4       fflush                     000000018000aad4 f   libucrt:fflush.obj
 0001:00009b3c       _fgetc_nolock              000000018000ab3c f   libucrt:fgetc.obj
 0001:00009b80       fgetc                      000000018000ab80 f   libucrt:fgetc.obj
 0001:00009c88       fgetpos                    000000018000ac88 f   libucrt:fgetpos.obj
 0001:00009cd4       fputc                      000000018000acd4 f   libucrt:fputc.obj
 0001:00009df8       _fread_nolock_s            000000018000adf8 f   libucrt:fread.obj
 0001:0000a088       fread                      000000018000b088 f   libucrt:fread.obj
 0001:0000a0a8       fread_s                    000000018000b0a8 f   libucrt:fread.obj
 0001:0000a150       fsetpos                    000000018000b150 f   libucrt:fsetpos.obj
 0001:0000a390       _fseeki64                  000000018000b390 f   libucrt:fseek.obj
 0001:0000a43c       _fwrite_nolock             000000018000b43c f   libucrt:fwrite.obj
 0001:0000a5e8       fwrite                     000000018000b5e8 f   libucrt:fwrite.obj
 0001:0000a78c       setvbuf                    000000018000b78c f   libucrt:setvbuf.obj
 0001:0000a828       _ungetc_nolock             000000018000b828 f   libucrt:ungetc.obj
 0001:0000a950       ungetc                     000000018000b950 f   libucrt:ungetc.obj
 0001:0000a9a8       malloc                     000000018000b9a8 f   libucrt:malloc.obj
 0001:0000ac90       setlocale                  000000018000bc90 f   libucrt:setlocale.obj
 0001:0000acdc       calloc                     000000018000bcdc f   libucrt:calloc.obj
 0001:0000ace4       __pctype_func              000000018000bce4 f   libucrt:ctype.obj
 0001:0000ad14       islower                    000000018000bd14 f i libucrt:_ctype.obj
 0001:0000ada8       isupper                    000000018000bda8 f i libucrt:_ctype.obj
 0001:0000ae3c       _wcsdup                    000000018000be3c f   libucrt:wcsdup.obj
 0001:0000aec0       ___lc_codepage_func        000000018000bec0 f   libucrt:initctype.obj
 0001:0000aef0       ___lc_locale_name_func     000000018000bef0 f   libucrt:initctype.obj
 0001:0000af24       __acrt_locale_initialize_ctype 000000018000bf24 f   libucrt:initctype.obj
 0001:0000b574       __acrt_errno_from_os_error 000000018000c574 f   libucrt:errno.obj
 0001:0000b5bc       __acrt_errno_map_os_error  000000018000c5bc f   libucrt:errno.obj
 0001:0000b60c       __doserrno                 000000018000c60c f   libucrt:errno.obj
 0001:0000b62c       _errno                     000000018000c62c f   libucrt:errno.obj
 0001:0000b650       pow                        000000018000c650 f   libucrt:pow.obj
 0001:0000ccf0       powf                       000000018000dcf0 f   libucrt:powf.obj
 0001:0000dbb8       __strncnt                  000000018000ebb8 f   libucrt:strncnt.obj
 0001:0000dbd0       ??$__acrt_mbs_to_wcs_cp@U__crt_win32_buffer_internal_dynamic_resizing@@@@YAHQEBDAEAV?$__crt_win32_buffer@_WU__crt_win32_buffer_internal_dynamic_resizing@@@@I@Z 000000018000ebd0 f i libucrt:strftime.obj
 0001:0000dd48       ??$__acrt_wcs_to_mbs_cp@U__crt_win32_buffer_no_resizing@@@@YAHQEB_WAEAV?$__crt_win32_buffer@DU__crt_win32_buffer_no_resizing@@@@I@Z 000000018000ed48 f i libucrt:strftime.obj
 0001:0000debc       _tolower_l                 000000018000eebc f   libucrt:tolower_toupper.obj
 0001:0000dffc       wcscpy_s                   000000018000effc f   libucrt:wcscpy_s.obj
 0001:0000e064       wcsnlen                    000000018000f064 f   libucrt:strnlen.obj
 0001:0000e23c       __acrt_initialize_new_handler 000000018000f23c f   libucrt:new_handler.obj
 0001:0000e244       _callnewh                  000000018000f244 f   libucrt:new_handler.obj
 0001:0000e274       _query_new_handler         000000018000f274 f   libucrt:new_handler.obj
 0001:0000e2a8       _initterm                  000000018000f2a8 f   libucrt:initterm.obj
 0001:0000e30c       _initterm_e                000000018000f30c f   libucrt:initterm.obj
 0001:0000e34c       _seh_filter_dll            000000018000f34c f   libucrt:exception_filter.obj
 0001:0000e360       _seh_filter_exe            000000018000f360 f   libucrt:exception_filter.obj
 0001:0000e750       __acrt_initialize_thread_local_exit_callback 000000018000f750 f   libucrt:exit.obj
 0001:0000e758       _cexit                     000000018000f758 f   libucrt:exit.obj
 0001:0000e768       _exit                      000000018000f768 f   libucrt:exit.obj
 0001:0000e774       _is_c_termination_complete 000000018000f774 f   libucrt:exit.obj
 0001:0000e940       __acrt_allocate_buffer_for_argv 000000018000f940 f   libucrt:argv_parsing.obj
 0001:0000e9a0       _configure_narrow_argv     000000018000f9a0 f   libucrt:argv_parsing.obj
 0001:0000ed18       __dcrt_uninitialize_environments_nolock 000000018000fd18 f   libucrt:environment_initialization.obj
 0001:0000ed50       _initialize_narrow_environment 000000018000fd50 f   libucrt:environment_initialization.obj
 0001:0000f098       _crt_atexit                0000000180010098 f   libucrt:onexit.obj
 0001:0000f0a8       _execute_onexit_table      00000001800100a8 f   libucrt:onexit.obj
 0001:0000f0e4       _initialize_onexit_table   00000001800100e4 f   libucrt:onexit.obj
 0001:0000f10c       _register_onexit_function  000000018001010c f   libucrt:onexit.obj
 0001:0000f280       __acrt_initialize          0000000180010280 f   libucrt:initialization.obj
 0001:0000f294       __acrt_thread_attach       0000000180010294 f   libucrt:initialization.obj
 0001:0000f2a8       __acrt_thread_detach       00000001800102a8 f   libucrt:initialization.obj
 0001:0000f2b8       __acrt_uninitialize        00000001800102b8 f   libucrt:initialization.obj
 0001:0000f2f0       __acrt_uninitialize_critical 00000001800102f0 f   libucrt:initialization.obj
 0001:0000f300       strcpy_s                   0000000180010300 f   libucrt:strcpy_s.obj
 0001:0000f360       wcsncmp                    0000000180010360 f   libucrt:wcsncmp.obj
 0001:0000f38c       ??$parse_integer@KV?$c_string_character_source@_W@__crt_strtox@@@__crt_strtox@@YAKQEAU__crt_locale_pointers@@V?$c_string_character_source@_W@0@H_N@Z 000000018001038c f i libucrt:atox.obj
 0001:0000fa40       _wtol                      0000000180010a40 f   libucrt:atox.obj
 0001:0000fa80       strncmp                    0000000180010a80 f   libucrt:strncmp.obj
 0001:0000fb48       __acrt_get_sigabrt_handler 0000000180010b48 f   libucrt:signal.obj
 0001:0000fb78       __acrt_initialize_signal_handlers 0000000180010b78 f   libucrt:signal.obj
 0001:0000fb98       raise                      0000000180010b98 f   libucrt:signal.obj
 0001:0001017c       __acrt_freeptd             000000018001117c f   libucrt:per_thread_data.obj
 0001:000101c0       __acrt_getptd              00000001800111c0 f   libucrt:per_thread_data.obj
 0001:00010294       __acrt_getptd_head         0000000180011294 f   libucrt:per_thread_data.obj
 0001:0001033c       __acrt_getptd_noexit       000000018001133c f   libucrt:per_thread_data.obj
 0001:00010408       __acrt_initialize_ptd      0000000180011408 f   libucrt:per_thread_data.obj
 0001:00010444       __acrt_uninitialize_ptd    0000000180011444 f   libucrt:per_thread_data.obj
 0001:00010468       _free_base                 0000000180011468 f   libucrt:free_base.obj
 0001:000104a8       __acrt_update_locale_info  00000001800114a8 f   libucrt:locale_update.obj
 0001:000104dc       __acrt_update_multibyte_info 00000001800114dc f   libucrt:locale_update.obj
 0001:00010778       __acrt_copy_locale_name    0000000180011778 f   libucrt:wsetlocale.obj
 0001:000107fc       __acrt_set_locale_changed  00000001800117fc f   libucrt:wsetlocale.obj
 0001:00010808       __acrt_uninitialize_locale 0000000180011808 f   libucrt:wsetlocale.obj
 0001:00010838       __lc_lctowcs               0000000180011838 f   libucrt:wsetlocale.obj
 0001:000108dc       __lc_wcstolc               00000001800118dc f   libucrt:wsetlocale.obj
 0001:00010b18       _expandlocale              0000000180011b18 f   libucrt:wsetlocale.obj
 0001:00010efc       _wcscats                   0000000180011efc f   libucrt:wsetlocale.obj
 0001:00010f64       _wsetlocale                0000000180011f64 f   libucrt:wsetlocale.obj
 0001:00011a58       __acrt_AppPolicyGetProcessTerminationMethodInternal 0000000180012a58 f   libucrt:winapi_thunks.obj
 0001:00011aa8       __acrt_AreFileApisANSI     0000000180012aa8 f   libucrt:winapi_thunks.obj
 0001:00011ae4       __acrt_EnumSystemLocalesEx 0000000180012ae4 f   libucrt:winapi_thunks.obj
 0001:00011b7c       __acrt_FlsAlloc            0000000180012b7c f   libucrt:winapi_thunks.obj
 0001:00011bc4       __acrt_FlsFree             0000000180012bc4 f   libucrt:winapi_thunks.obj
 0001:00011c0c       __acrt_FlsGetValue         0000000180012c0c f   libucrt:winapi_thunks.obj
 0001:00011c54       __acrt_FlsSetValue         0000000180012c54 f   libucrt:winapi_thunks.obj
 0001:00011ca8       __acrt_GetLocaleInfoEx     0000000180012ca8 f   libucrt:winapi_thunks.obj
 0001:00011d2c       __acrt_GetUserDefaultLocaleName 0000000180012d2c f   libucrt:winapi_thunks.obj
 0001:00011d90       __acrt_InitializeCriticalSectionEx 0000000180012d90 f   libucrt:winapi_thunks.obj
 0001:00011df4       __acrt_IsValidLocaleName   0000000180012df4 f   libucrt:winapi_thunks.obj
 0001:00011e4c       __acrt_LCIDToLocaleName    0000000180012e4c f   libucrt:winapi_thunks.obj
 0001:00011ebc       __acrt_LCMapStringEx       0000000180012ebc f   libucrt:winapi_thunks.obj
 0001:00011f98       __acrt_LocaleNameToLCID    0000000180012f98 f   libucrt:winapi_thunks.obj
 0001:00011fe8       __acrt_can_use_vista_locale_apis 0000000180012fe8 f   libucrt:winapi_thunks.obj
 0001:00012018       __acrt_eagerly_load_locale_apis 0000000180013018 f   libucrt:winapi_thunks.obj
 0001:00012174       __acrt_initialize_winapi_thunks 0000000180013174 f   libucrt:winapi_thunks.obj
 0001:000121a8       __acrt_uninitialize_winapi_thunks 00000001800131a8 f   libucrt:winapi_thunks.obj
 0001:000121ec       _calloc_base               00000001800131ec f   libucrt:calloc_base.obj
 0001:00012264       _fcloseall                 0000000180013264 f   libucrt:closeall.obj
 0001:00012318       __acrt_stdio_free_buffer_nolock 0000000180013318 f   libucrt:_freebuf.obj
 0001:00012554       __acrt_initialize_lowio    0000000180013554 f   libucrt:ioinit.obj
 0001:00012590       __acrt_uninitialize_lowio  0000000180013590 f   libucrt:ioinit.obj
 0001:00012644       _close                     0000000180013644 f   libucrt:close.obj
 0001:000126e8       _close_nolock              00000001800136e8 f   libucrt:close.obj
 0001:000127a8       _fileno                    00000001800137a8 f   libucrt:fileno.obj
 0001:000127d0       ?__acrt_stdio_free_stream@@YAXV__crt_stdio_stream@@@Z 00000001800137d0 f   libucrt:stream.obj
 0001:00012878       _commit                    0000000180013878 f   libucrt:commit.obj
 0001:00013178       _write                     0000000180014178 f   libucrt:write.obj
 0001:00013264       _write_nolock              0000000180014264 f   libucrt:write.obj
 0001:00013540       __acrt_stdio_refill_and_read_narrow_nolock 0000000180014540 f   libucrt:_filbuf.obj
 0001:00013b7c       _ftelli64                  0000000180014b7c f   libucrt:ftell.obj
 0001:00013b84       _ftelli64_nolock           0000000180014b84 f   libucrt:ftell.obj
 0001:00013ce8       __acrt_stdio_flush_and_write_narrow_nolock 0000000180014ce8 f   libucrt:_flsbuf.obj
 0001:000143a8       _read                      00000001800153a8 f   libucrt:read.obj
 0001:000144c4       _read_nolock               00000001800154c4 f   libucrt:read.obj
 0001:00014aa8       _lseeki64                  0000000180015aa8 f   libucrt:lseek.obj
 0001:00014ab0       _lseeki64_nolock           0000000180015ab0 f   libucrt:lseek.obj
 0001:00014ab8       __acrt_stdio_begin_temporary_buffering_nolock 0000000180015ab8 f   libucrt:_sftbuf.obj
 0001:00014b88       __acrt_stdio_end_temporary_buffering_nolock 0000000180015b88 f   libucrt:_sftbuf.obj
 0001:00014bc4       _malloc_base               0000000180015bc4 f   libucrt:malloc_base.obj
 0001:00014c24       __acrt_stdio_allocate_buffer_nolock 0000000180015c24 f   libucrt:_getbuf.obj
 0001:00014e90       _mbstowcs_s_l              0000000180015e90 f   libucrt:mbstowcs.obj
 0001:00014fc4       mbstowcs_s                 0000000180015fc4 f   libucrt:mbstowcs.obj
 0001:0001534c       _wcstombs_s_l              000000018001634c f   libucrt:wcstombs.obj
 0001:00015438       _isctype_l                 0000000180016438 f   libucrt:isctype.obj
 0001:000156c4       __acrt_GetLocaleInfoA      00000001800166c4 f   libucrt:getlocaleinfoa.obj
 0001:0001588c       __acrt_GetStringTypeA      000000018001688c f   libucrt:getstringtypea.obj
 0001:00015d34       __acrt_LCMapStringA        0000000180016d34 f   libucrt:lcmapstringa.obj
 0001:00015dcc       _realloc_base              0000000180016dcc f   libucrt:realloc_base.obj
 0001:00015e48       iswctype                   0000000180016e48 f   libucrt:iswctype.obj
 0001:00015eb8       _raise_exc                 0000000180016eb8 f   libucrt:fpexcept.obj
 0001:00015ee0       _raise_exc_ex              0000000180016ee0 f   libucrt:fpexcept.obj
 0001:000161f0       _raise_excf                00000001800171f0 f   libucrt:fpexcept.obj
 0001:0001621c       _set_errno_from_matherr    000000018001721c f   libucrt:fpexcept.obj
 0001:0001624c       _clrfp                     000000018001724c f   libucrt:fpctrl.obj
 0001:0001626c       _ctrlfp                    000000018001726c f   libucrt:fpctrl.obj
 0001:000162e8       _set_statfp                00000001800172e8 f   libucrt:fpctrl.obj
 0001:00016308       _statfp                    0000000180017308 f   libucrt:fpctrl.obj
 0001:0001631c       _mbtowc_l                  000000018001731c f   libucrt:mbtowc.obj
 0001:00016498       mbtowc                     0000000180017498 f   libucrt:mbtowc.obj
 0001:000164a0       __acrt_initialize_fma3     00000001800174a0 f   libucrt:fma3_available.obj
 0001:00016510       _pow_special               0000000180017510 f   libucrt:pow_special.obj
 0001:00016634       _powf_special              0000000180017634 f   libucrt:pow_special.obj
 0001:000167c0       __acrt_MultiByteToWideChar 00000001800177c0 f   libucrt:multibytetowidechar.obj
 0001:0001681c       __acrt_WideCharToMultiByte 000000018001781c f   libucrt:widechartomultibyte.obj
 0001:000168b4       _wcsicmp                   00000001800178b4 f   libucrt:wcsicmp.obj
 0001:0001694c       _wcsicmp_l                 000000018001794c f   libucrt:wcsicmp.obj
 0001:00016a4c       __acrt_initialize_timeset  0000000180017a4c f   libucrt:timeset.obj
 0001:00016a90       _isleadbyte_l              0000000180017a90 f i libucrt:_wctype.obj
 0001:00016adc       __acrt_get_process_end_policy 0000000180017adc f   libucrt:win_policies.obj
 0001:00016b2c       ??$__acrt_wcs_to_mbs_cp@U__crt_win32_buffer_internal_dynamic_resizing@@@@YAHQEB_WAEAV?$__crt_win32_buffer@DU__crt_win32_buffer_internal_dynamic_resizing@@@@I@Z 0000000180017b2c f i libucrt:argv_wildcards.obj
 0001:0001735c       __acrt_expand_narrow_argv_wildcards 000000018001835c f   libucrt:argv_wildcards.obj
 0001:00017364       __acrt_GetModuleFileNameA  0000000180018364 f   libucrt:getmodulefilenamea.obj
 0001:00017bb0       __acrt_initialize_multibyte 0000000180018bb0 f   libucrt:mbctype.obj
 0001:00017c10       __acrt_update_thread_multibyte_data 0000000180018c10 f   libucrt:mbctype.obj
 0001:00017c2c       _setmbcp_nolock            0000000180018c2c f   libucrt:mbctype.obj
 0001:00017f60       _ismbblead                 0000000180018f60 f   libucrt:ismbbyte.obj
 0001:00017f74       __acrt_initialize_command_line 0000000180018f74 f   libucrt:argv_data.obj
 0001:00017f9c       __dcrt_get_narrow_environment_from_os 0000000180018f9c f   libucrt:get_environment_from_os.obj
 0001:000180a0       _recalloc_base             00000001800190a0 f   libucrt:recalloc.obj
 0001:00018138       __acrt_initialize_heap     0000000180019138 f   libucrt:heap_handle.obj
 0001:00018154       __acrt_uninitialize_heap   0000000180019154 f   libucrt:heap_handle.obj
 0001:00018160       __acrt_execute_initializers 0000000180019160 f   libucrt:shared_initialization.obj
 0001:000181e0       __acrt_execute_uninitializers 00000001800191e0 f   libucrt:shared_initialization.obj
 0001:0001821c       __acrt_has_user_matherr    000000018001921c f   libucrt:matherr.obj
 0001:0001823c       __acrt_initialize_user_matherr 000000018001923c f   libucrt:matherr.obj
 0001:00018244       __acrt_invoke_user_matherr 0000000180019244 f   libucrt:matherr.obj
 0001:00018274       __acrt_add_locale_ref      0000000180019274 f   libucrt:locale_refcounting.obj
 0001:00018300       __acrt_free_locale         0000000180019300 f   libucrt:locale_refcounting.obj
 0001:00018478       __acrt_locale_add_lc_time_reference 0000000180019478 f   libucrt:locale_refcounting.obj
 0001:000184a0       __acrt_locale_free_lc_time_if_unreferenced 00000001800194a0 f   libucrt:locale_refcounting.obj
 0001:000184d8       __acrt_locale_release_lc_time_reference 00000001800194d8 f   libucrt:locale_refcounting.obj
 0001:00018500       __acrt_release_locale_ref  0000000180019500 f   libucrt:locale_refcounting.obj
 0001:000185a8       __acrt_update_thread_locale_data 00000001800195a8 f   libucrt:locale_refcounting.obj
 0001:00018618       _updatetlocinfoEx_nolock   0000000180019618 f   libucrt:locale_refcounting.obj
 0001:00018680       __acrt_locale_free_monetary 0000000180019680 f   libucrt:initmon.obj
 0001:0001878c       __acrt_locale_initialize_monetary 000000018001978c f   libucrt:initmon.obj
 0001:00018cc0       __acrt_locale_free_numeric 0000000180019cc0 f   libucrt:initnum.obj
 0001:00018d2c       __acrt_locale_initialize_numeric 0000000180019d2c f   libucrt:initnum.obj
 0001:000193ac       __acrt_locale_free_time    000000018001a3ac f   libucrt:inittime.obj
 0001:000194b4       __acrt_locale_initialize_time 000000018001a4b4 f   libucrt:inittime.obj
 0001:00019550       wcscat_s                   000000018001a550 f   libucrt:wcscat_s.obj
 0001:000195d0       wcsncpy_s                  000000018001a5d0 f   libucrt:wcsncpy_s.obj
 0001:000196b4       wcscspn                    000000018001a6b4 f   libucrt:wcscspn.obj
 0001:000196f4       wcspbrk                    000000018001a6f4 f   libucrt:wcspbrk.obj
 0001:00019edc       __acrt_get_qualified_locale 000000018001aedc f   libucrt:get_qualified_locale.obj
 0001:0001a910       __acrt_get_qualified_locale_downlevel 000000018001b910 f   libucrt:getqloc_downlevel.obj
 0001:0001ac78       __acrt_DownlevelLCIDToLocaleName 000000018001bc78 f   libucrt:lcidtoname_downlevel.obj
 0001:0001ad6c       __acrt_DownlevelLocaleNameToLCID 000000018001bd6c f   libucrt:lcidtoname_downlevel.obj
 0001:0001ada0       _query_new_mode            000000018001bda0 f   libucrt:new_mode.obj
 0001:0001ada8       __acrt_lowio_create_handle_array 000000018001bda8 f   libucrt:osfinfo.obj
 0001:0001ae50       __acrt_lowio_destroy_handle_array 000000018001be50 f   libucrt:osfinfo.obj
 0001:0001aea0       __acrt_lowio_ensure_fh_exists 000000018001bea0 f   libucrt:osfinfo.obj
 0001:0001af48       __acrt_lowio_lock_fh       000000018001bf48 f   libucrt:osfinfo.obj
 0001:0001af70       __acrt_lowio_unlock_fh     000000018001bf70 f   libucrt:osfinfo.obj
 0001:0001af98       _free_osfhnd               000000018001bf98 f   libucrt:osfinfo.obj
 0001:0001b054       _get_osfhandle             000000018001c054 f   libucrt:osfinfo.obj
 0001:0001b0cc       _isatty                    000000018001c0cc f   libucrt:isatty.obj
 0001:0001b12c       ?__mbrtowc_utf8@__crt_mbstring@@YA_KPEA_WPEBD_KPEAU_Mbstatet@@@Z 000000018001c12c f   libucrt:mbrtowc.obj
 0001:0001b168       ?__mbsrtowcs_utf8@__crt_mbstring@@YA_KPEA_WPEAPEBD_KPEAU_Mbstatet@@@Z 000000018001c168 f   libucrt:mbrtowc.obj
 0001:0001b2e0       _putwch_nolock             000000018001c2e0 f   libucrt:putwch.obj
 0001:0001b31c       ?__wcsrtombs_utf8@__crt_mbstring@@YA_KPEADPEAPEB_W_KPEAU_Mbstatet@@@Z 000000018001c31c f   libucrt:wcrtomb.obj
 0001:0001b438       strncpy_s                  000000018001c438 f   libucrt:strncpy_s.obj
 0001:0001b50c       __acrt_GetStringTypeW      000000018001c50c f   libucrt:getstringtypew.obj
 0001:0001b530       _get_fpsr                  000000018001c530 f   libucrt:fpsr.obj
 0001:0001b540       _set_fpsr                  000000018001c540 f   libucrt:fpsr.obj
 0001:0001b54a       _fclrf                     000000018001c54a f   libucrt:fpsr.obj
 0001:0001b55e       _frnd                      000000018001c55e f   libucrt:fpsr.obj
 0001:0001b580       ?__c32rtomb_utf8@__crt_mbstring@@YA_KPEAD_UPEAU_Mbstatet@@@Z 000000018001c580 f   libucrt:c32rtomb.obj
 0001:0001b638       c32rtomb                   000000018001c638 f   libucrt:c32rtomb.obj
 0001:0001b764       _handle_error              000000018001c764 f   libucrt:libm_error.obj
 0001:0001b88c       _handle_errorf             000000018001c88c f   libucrt:libm_error.obj
 0001:0001b9c0       _handle_nan                000000018001c9c0 f   libucrt:libm_error.obj
 0001:0001b9dc       _handle_nanf               000000018001c9dc f   libucrt:libm_error.obj
 0001:0001b9ec       _towlower_l                000000018001c9ec f   libucrt:towlower.obj
 0001:0001bab0       qsort                      000000018001cab0 f   libucrt:qsort.obj
 0001:0001bf10       strpbrk                    000000018001cf10 f   libucrt:strpbrk.obj
 0001:0001c2f0       _mbsdec                    000000018001d2f0 f   libucrt:mbsdec.obj
 0001:0001c2f8       _mbsdec_l                  000000018001d2f8 f   libucrt:mbsdec.obj
 0001:0001c3a4       _msize_base                000000018001d3a4 f   libucrt:msize.obj
 0001:0001c520       _itow_s                    000000018001d520 f   libucrt:xtoa.obj
 0001:0001c540       _wcsnicmp                  000000018001d540 f   libucrt:wcsnicmp.obj
 0001:0001c5ec       _wcsnicmp_l                000000018001d5ec f   libucrt:wcsnicmp.obj
 0001:0001c714       wcscmp                     000000018001d714 f   libucrt:wcscmp.obj
 0001:0001c74c       _query_app_type            000000018001d74c f   libucrt:report_runtime_error.obj
 0001:0001c754       ?__mbrtoc32_utf8@__crt_mbstring@@YA_KPEA_UPEBD_KPEAU_Mbstatet@@@Z 000000018001d754 f   libucrt:mbrtoc32.obj
 0001:0001c930       __dcrt_lowio_ensure_console_output_initialized 000000018001d930 f   libucrt:initcon.obj
 0001:0001c984       __dcrt_terminate_console_output 000000018001d984 f   libucrt:initcon.obj
 0001:0001c9a0       __dcrt_write_console       000000018001d9a0 f   libucrt:initcon.obj
 0001:0001ca60       ?__c16rtomb_utf8@__crt_mbstring@@YA_KPEAD_SPEAU_Mbstatet@@@Z 000000018001da60 f   libucrt:c16rtomb.obj
 0001:0001cb10       log10                      000000018001db10 f   libucrt:log10.obj
 0001:0001d0bc       __acrt_LCMapStringW        000000018001e0bc f   libucrt:lcmapstringw.obj
 0001:0001d150       _log10_special             000000018001e150 f   libucrt:log_special.obj
 0001:0001d206       IsProcessorFeaturePresent  000000018001e206 f   kernel32:KERNEL32.dll
 0001:0001d20c       ?DloadAcquireSectionWriteAccess@@YAXXZ 000000018001e20c f i DelayImp:delayhlp.obj
 0001:0001d2b8       ?DloadGetSRWLockFunctionPointers@@YAEXZ 000000018001e2b8 f i DelayImp:delayhlp.obj
 0001:0001d354       ?DloadMakePermanentImageCommit@@YAXPEAX_K@Z 000000018001e354 f i DelayImp:delayhlp.obj
 0001:0001d3ec       ?DloadObtainSection@@YAPEAXPEAK0@Z 000000018001e3ec f i DelayImp:delayhlp.obj
 0001:0001d488       ?DloadProtectSection@@YAXKPEAK@Z 000000018001e488 f i DelayImp:delayhlp.obj
 0001:0001d518       ?DloadReleaseSectionWriteAccess@@YAXXZ 000000018001e518 f i DelayImp:delayhlp.obj
 0001:0001d5ac       __delayLoadHelper2         000000018001e5ac f   DelayImp:delayhlp.obj
 0001:0001d870       _FindPESection             000000018001e870 f   LIBCMT:pesect.obj
 0001:0001d8c0       _IsNonwritableInCurrentImage 000000018001e8c0 f   LIBCMT:pesect.obj
 0001:0001d910       _ValidateImageBase         000000018001e910 f   LIBCMT:pesect.obj
 0001:0001d940       _local_unwind              000000018001e940 f   libvcruntime:jmpuwind.obj
 0001:0001d96c       wcschr                     000000018001e96c f   libvcruntime:wcschr.obj
 0001:0001da10       _guard_dispatch_icall_nop  000000018001ea10 f   LIBCMT:guard_dispatch.obj
 0002:00000000       __imp_GetModuleHandleA     0000000180020000     kernel32:KERNEL32.dll
 0002:00000008       __imp_LoadLibraryExA       0000000180020008     kernel32:KERNEL32.dll
 0002:00000010       __imp_GetLastError         0000000180020010     kernel32:KERNEL32.dll
 0002:00000018       __imp_WideCharToMultiByte  0000000180020018     kernel32:KERNEL32.dll
 0002:00000020       __imp_EnterCriticalSection 0000000180020020     kernel32:KERNEL32.dll
 0002:00000028       __imp_LeaveCriticalSection 0000000180020028     kernel32:KERNEL32.dll
 0002:00000030       __imp_DeleteCriticalSection 0000000180020030     kernel32:KERNEL32.dll
 0002:00000038       __imp_SetLastError         0000000180020038     kernel32:KERNEL32.dll
 0002:00000040       __imp_InitializeCriticalSectionAndSpinCount 0000000180020040     kernel32:KERNEL32.dll
 0002:00000048       __imp_SwitchToThread       0000000180020048     kernel32:KERNEL32.dll
 0002:00000050       __imp_TlsAlloc             0000000180020050     kernel32:KERNEL32.dll
 0002:00000058       __imp_TlsGetValue          0000000180020058     kernel32:KERNEL32.dll
 0002:00000060       __imp_TlsSetValue          0000000180020060     kernel32:KERNEL32.dll
 0002:00000068       __imp_TlsFree              0000000180020068     kernel32:KERNEL32.dll
 0002:00000070       __imp_GetSystemTimeAsFileTime 0000000180020070     kernel32:KERNEL32.dll
 0002:00000078       __imp_GetModuleHandleW     0000000180020078     kernel32:KERNEL32.dll
 0002:00000080       __imp_GetProcAddress       0000000180020080     kernel32:KERNEL32.dll
 0002:00000088       __imp_EncodePointer        0000000180020088     kernel32:KERNEL32.dll
 0002:00000090       __imp_DecodePointer        0000000180020090     kernel32:KERNEL32.dll
 0002:00000098       __imp_MultiByteToWideChar  0000000180020098     kernel32:KERNEL32.dll
 0002:000000a0       __imp_LCMapStringW         00000001800200a0     kernel32:KERNEL32.dll
 0002:000000a8       __imp_GetLocaleInfoW       00000001800200a8     kernel32:KERNEL32.dll
 0002:000000b0       __imp_GetStringTypeW       00000001800200b0     kernel32:KERNEL32.dll
 0002:000000b8       __imp_GetCPInfo            00000001800200b8     kernel32:KERNEL32.dll
 0002:000000c0       __imp_RtlCaptureContext    00000001800200c0     kernel32:KERNEL32.dll
 0002:000000c8       __imp_RtlLookupFunctionEntry 00000001800200c8     kernel32:KERNEL32.dll
 0002:000000d0       __imp_RtlVirtualUnwind     00000001800200d0     kernel32:KERNEL32.dll
 0002:000000d8       __imp_UnhandledExceptionFilter 00000001800200d8     kernel32:KERNEL32.dll
 0002:000000e0       __imp_SetUnhandledExceptionFilter 00000001800200e0     kernel32:KERNEL32.dll
 0002:000000e8       __imp_GetCurrentProcess    00000001800200e8     kernel32:KERNEL32.dll
 0002:000000f0       __imp_TerminateProcess     00000001800200f0     kernel32:KERNEL32.dll
 0002:000000f8       __imp_IsProcessorFeaturePresent 00000001800200f8     kernel32:KERNEL32.dll
 0002:00000100       __imp_QueryPerformanceCounter 0000000180020100     kernel32:KERNEL32.dll
 0002:00000108       __imp_GetCurrentProcessId  0000000180020108     kernel32:KERNEL32.dll
 0002:00000110       __imp_GetCurrentThreadId   0000000180020110     kernel32:KERNEL32.dll
 0002:00000118       __imp_InitializeSListHead  0000000180020118     kernel32:KERNEL32.dll
 0002:00000120       __imp_IsDebuggerPresent    0000000180020120     kernel32:KERNEL32.dll
 0002:00000128       __imp_GetStartupInfoW      0000000180020128     kernel32:KERNEL32.dll
 0002:00000130       __imp_RtlPcToFileHeader    0000000180020130     kernel32:KERNEL32.dll
 0002:00000138       __imp_RaiseException       0000000180020138     kernel32:KERNEL32.dll
 0002:00000140       __imp_RtlUnwindEx          0000000180020140     kernel32:KERNEL32.dll
 0002:00000148       __imp_InterlockedFlushSList 0000000180020148     kernel32:KERNEL32.dll
 0002:00000150       __imp_FreeLibrary          0000000180020150     kernel32:KERNEL32.dll
 0002:00000158       __imp_LoadLibraryExW       0000000180020158     kernel32:KERNEL32.dll
 0002:00000160       __imp_ExitProcess          0000000180020160     kernel32:KERNEL32.dll
 0002:00000168       __imp_GetModuleHandleExW   0000000180020168     kernel32:KERNEL32.dll
 0002:00000170       __imp_GetModuleFileNameW   0000000180020170     kernel32:KERNEL32.dll
 0002:00000178       __imp_HeapFree             0000000180020178     kernel32:KERNEL32.dll
 0002:00000180       __imp_IsValidLocale        0000000180020180     kernel32:KERNEL32.dll
 0002:00000188       __imp_GetUserDefaultLCID   0000000180020188     kernel32:KERNEL32.dll
 0002:00000190       __imp_EnumSystemLocalesW   0000000180020190     kernel32:KERNEL32.dll
 0002:00000198       __imp_HeapAlloc            0000000180020198     kernel32:KERNEL32.dll
 0002:000001a0       __imp_GetStdHandle         00000001800201a0     kernel32:KERNEL32.dll
 0002:000001a8       __imp_GetFileType          00000001800201a8     kernel32:KERNEL32.dll
 0002:000001b0       __imp_CloseHandle          00000001800201b0     kernel32:KERNEL32.dll
 0002:000001b8       __imp_FlushFileBuffers     00000001800201b8     kernel32:KERNEL32.dll
 0002:000001c0       __imp_WriteFile            00000001800201c0     kernel32:KERNEL32.dll
 0002:000001c8       __imp_GetConsoleCP         00000001800201c8     kernel32:KERNEL32.dll
 0002:000001d0       __imp_GetConsoleMode       00000001800201d0     kernel32:KERNEL32.dll
 0002:000001d8       __imp_ReadFile             00000001800201d8     kernel32:KERNEL32.dll
 0002:000001e0       __imp_GetFileSizeEx        00000001800201e0     kernel32:KERNEL32.dll
 0002:000001e8       __imp_SetFilePointerEx     00000001800201e8     kernel32:KERNEL32.dll
 0002:000001f0       __imp_ReadConsoleW         00000001800201f0     kernel32:KERNEL32.dll
 0002:000001f8       __imp_HeapReAlloc          00000001800201f8     kernel32:KERNEL32.dll
 0002:00000200       __imp_FindClose            0000000180020200     kernel32:KERNEL32.dll
 0002:00000208       __imp_FindFirstFileExW     0000000180020208     kernel32:KERNEL32.dll
 0002:00000210       __imp_FindNextFileW        0000000180020210     kernel32:KERNEL32.dll
 0002:00000218       __imp_IsValidCodePage      0000000180020218     kernel32:KERNEL32.dll
 0002:00000220       __imp_GetACP               0000000180020220     kernel32:KERNEL32.dll
 0002:00000228       __imp_GetOEMCP             0000000180020228     kernel32:KERNEL32.dll
 0002:00000230       __imp_GetCommandLineA      0000000180020230     kernel32:KERNEL32.dll
 0002:00000238       __imp_GetCommandLineW      0000000180020238     kernel32:KERNEL32.dll
 0002:00000240       __imp_GetEnvironmentStringsW 0000000180020240     kernel32:KERNEL32.dll
 0002:00000248       __imp_FreeEnvironmentStringsW 0000000180020248     kernel32:KERNEL32.dll
 0002:00000250       __imp_GetProcessHeap       0000000180020250     kernel32:KERNEL32.dll
 0002:00000258       __imp_SetStdHandle         0000000180020258     kernel32:KERNEL32.dll
 0002:00000260       __imp_HeapSize             0000000180020260     kernel32:KERNEL32.dll
 0002:00000268       __imp_CreateFileW          0000000180020268     kernel32:KERNEL32.dll
 0002:00000270       __imp_WriteConsoleW        0000000180020270     kernel32:KERNEL32.dll
 0002:00000278       __imp_GetSystemInfo        0000000180020278     kernel32:KERNEL32.dll
 0002:00000280       __imp_VirtualProtect       0000000180020280     kernel32:KERNEL32.dll
 0002:00000288       __imp_VirtualQuery         0000000180020288     kernel32:KERNEL32.dll
 0002:00000290       __imp_RtlUnwind            0000000180020290     kernel32:KERNEL32.dll
 0002:00000298       \177KERNEL32_NULL_THUNK_DATA 0000000180020298     kernel32:KERNEL32.dll
 0002:000002a0       __guard_check_icall_fptr   00000001800202a0     LIBCMT:guard_support.obj
 0002:000002a8       __guard_dispatch_icall_fptr 00000001800202a8     LIBCMT:guard_support.obj
 0002:000002b0       __xc_a                     00000001800202b0     LIBCMT:initializers.obj
 0002:00000300       _register_environment_cpp_ 0000000180020300     environment_variable.obj
 0002:00000308       __xc_z                     0000000180020308     LIBCMT:initializers.obj
 0002:00000310       __xi_a                     0000000180020310     LIBCMT:initializers.obj
 0002:00000320       __acrt_stdio_initializer   0000000180020320     libucrt:stdio_initializer.obj
 0002:00000328       __acrt_tran_fma3_initializer 0000000180020328     libucrt:fma3_initializer.obj
 0002:00000330       __acrt_timeset_initializer 0000000180020330     libucrt:timeset_initializer.obj
 0002:00000338       __acrt_multibyte_initializer 0000000180020338     libucrt:multibyte_initializer.obj
 0002:00000340       __xi_z                     0000000180020340     LIBCMT:initializers.obj
 0002:00000348       __xp_a                     0000000180020348     LIBCMT:initializers.obj
 0002:00000350       __acrt_locale_terminator   0000000180020350     libucrt:locale_initializer.obj
 0002:00000358       __dcrt_console_output_terminator 0000000180020358     libucrt:console_output_initializer.obj
 0002:00000360       __acrt_stdio_terminator    0000000180020360     libucrt:stdio_initializer.obj
 0002:00000368       __xp_z                     0000000180020368     LIBCMT:initializers.obj
 0002:00000370       __xt_a                     0000000180020370     LIBCMT:initializers.obj
 0002:00000378       __xt_z                     0000000180020378     LIBCMT:initializers.obj
 0002:00000380       __sz_node_exe              0000000180020380     node:node.exe
 0002:00000398       ??_7exception@std@@6B@     0000000180020398     libcpmt:xonce.obj
 0002:000003a8       ??_C@_0BC@EOODALEL@Unknown?5exception@ 00000001800203a8     libcpmt:xonce.obj
 0002:000003c8       ??_7runtime_error@std@@6B@ 00000001800203c8     libcpmt:xonce.obj
 0002:000003e0       ??_7_System_error@std@@6B@ 00000001800203e0     libcpmt:xonce.obj
 0002:000003f8       ??_7system_error@std@@6B@  00000001800203f8     libcpmt:xonce.obj
 0002:00000408       ??_C@_0O@BFJCFAAK@unknown?5error@ 0000000180020408     libcpmt:xonce.obj
 0002:00000628       ??_7bad_cast@std@@6B@      0000000180020628     libcpmt:cout.obj
 0002:00000638       ??_C@_08EPJLHIJG@bad?5cast@ 0000000180020638     libcpmt:cout.obj
 0002:00000650       ??_7_Facet_base@std@@6B@   0000000180020650     libcpmt:cout.obj
 0002:00000670       ??_7?$ctype@D@std@@6B@     0000000180020670     libcpmt:cout.obj
 0002:000006d0       ??_7_Iostream_error_category@std@@6B@ 00000001800206d0     libcpmt:cout.obj
 0002:00000708       ??_7failure@ios_base@std@@6B@ 0000000180020708     libcpmt:cout.obj
 0002:00000720       ??_7ios_base@std@@6B@      0000000180020720     libcpmt:cout.obj
 0002:00000730       ??_7?$basic_streambuf@DU?$char_traits@D@std@@@std@@6B@ 0000000180020730     libcpmt:cout.obj
 0002:000007b0       ??_7?$basic_filebuf@DU?$char_traits@D@std@@@std@@6B@ 00000001800207b0     libcpmt:cout.obj
 0002:00000830       ??_7?$basic_ios@DU?$char_traits@D@std@@@std@@6B@ 0000000180020830     libcpmt:cout.obj
 0002:00000840       ??_7?$basic_ostream@DU?$char_traits@D@std@@@std@@6B@ 0000000180020840     libcpmt:cout.obj
 0002:00000848       ??_8?$basic_ostream@DU?$char_traits@D@std@@@std@@7B@ 0000000180020848     libcpmt:cout.obj
 0002:00000858       ??_7?$codecvt@DDU_Mbstatet@@@std@@6B@ 0000000180020858     libcpmt:cout.obj
 0002:00000978       ??_7_Locimp@locale@std@@6B@ 0000000180020978     libcpmt:locale0.obj
 0002:00000990       ??_C@_01NBENCBCI@?$CK@     0000000180020990     libcpmt:locale0.obj
[...]
 0004:000017dc       $pdata$GetLocaleNameFromLanguage 00000001800397dc     libucrt:get_qualified_locale.obj
 0004:000017e8       $pdata$LangCountryEnumProcEx 00000001800397e8     libucrt:get_qualified_locale.obj
 0004:000017f4       $pdata$LanguageEnumProcEx  00000001800397f4     libucrt:get_qualified_locale.obj
 0004:00001800       $pdata$ProcessCodePage     0000000180039800     libucrt:get_qualified_locale.obj
 0004:0000180c       $pdata$TestDefaultCountry  000000018003980c     libucrt:get_qualified_locale.obj
 0004:00001818       $pdata$TranslateName       0000000180039818     libucrt:get_qualified_locale.obj
 0004:00001824       $pdata$__acrt_get_qualified_locale 0000000180039824     libucrt:get_qualified_locale.obj
 0004:00001830       $pdata$CountryEnumProc     0000000180039830     libucrt:getqloc_downlevel.obj
 0004:0000183c       $pdata$GetLcidFromLangCountry 000000018003983c     libucrt:getqloc_downlevel.obj
 0004:00001848       $pdata$GetLcidFromLanguage 0000000180039848     libucrt:getqloc_downlevel.obj
 0004:00001854       $pdata$LangCountryEnumProc 0000000180039854     libucrt:getqloc_downlevel.obj
 0004:00001860       $pdata$LanguageEnumProc    0000000180039860     libucrt:getqloc_downlevel.obj
 0004:0000186c       $pdata$ProcessCodePage     000000018003986c     libucrt:getqloc_downlevel.obj
 0004:00001878       $pdata$TestDefaultLanguage 0000000180039878     libucrt:getqloc_downlevel.obj
 0004:00001884       $pdata$TranslateName       0000000180039884     libucrt:getqloc_downlevel.obj
 0004:00001890       $pdata$__acrt_get_qualified_locale_downlevel 0000000180039890     libucrt:getqloc_downlevel.obj
 0004:0000189c       $pdata$?GetTableIndexFromLocaleName@@YAHPEB_W@Z 000000018003989c     libucrt:lcidtoname_downlevel.obj
 0004:000018a8       $pdata$__acrt_DownlevelLCIDToLocaleName 00000001800398a8     libucrt:lcidtoname_downlevel.obj
 0004:000018b4       $pdata$__acrt_DownlevelLocaleNameToLCID 00000001800398b4     libucrt:lcidtoname_downlevel.obj
 0004:000018c0       $pdata$__acrt_lowio_create_handle_array 00000001800398c0     libucrt:osfinfo.obj
 0004:000018cc       $pdata$__acrt_lowio_destroy_handle_array 00000001800398cc     libucrt:osfinfo.obj
 0004:000018d8       $pdata$__acrt_lowio_ensure_fh_exists 00000001800398d8     libucrt:osfinfo.obj
 0004:000018e4       $pdata$_free_osfhnd        00000001800398e4     libucrt:osfinfo.obj
 0004:000018f0       $pdata$_get_osfhandle      00000001800398f0     libucrt:osfinfo.obj
 0004:000018fc       $pdata$_isatty             00000001800398fc     libucrt:isatty.obj
 0004:00001908       $pdata$?__mbrtowc_utf8@__crt_mbstring@@YA_KPEA_WPEBD_KPEAU_Mbstatet@@@Z 0000000180039908     libucrt:mbrtowc.obj
 0004:00001914       $pdata$?__mbsrtowcs_utf8@__crt_mbstring@@YA_KPEA_WPEAPEBD_KPEAU_Mbstatet@@@Z 0000000180039914     libucrt:mbrtowc.obj
 0004:00001920       $pdata$_putwch_nolock      0000000180039920     libucrt:putwch.obj
 0004:0000192c       $pdata$?__wcsrtombs_utf8@__crt_mbstring@@YA_KPEADPEAPEB_W_KPEAU_Mbstatet@@@Z 000000018003992c     libucrt:wcrtomb.obj
 0004:00001938       $pdata$strncpy_s           0000000180039938     libucrt:strncpy_s.obj
 0004:00001950       $pdata$?__c32rtomb_utf8@__crt_mbstring@@YA_KPEAD_UPEAU_Mbstatet@@@Z 0000000180039950     libucrt:c32rtomb.obj
 0004:0000195c       $pdata$_call_matherr       000000018003995c     libucrt:libm_error.obj
 0004:00001968       $pdata$_exception_enabled  0000000180039968     libucrt:libm_error.obj
 0004:00001974       $pdata$_handle_error       0000000180039974     libucrt:libm_error.obj
 0004:00001980       $pdata$_handle_errorf      0000000180039980     libucrt:libm_error.obj
 0004:0000198c       $pdata$_towlower_l         000000018003998c     libucrt:towlower.obj
 0004:00001998       $pdata$qsort               0000000180039998     libucrt:qsort.obj
 0004:000019a4       $pdata$4$qsort             00000001800399a4     libucrt:qsort.obj
 0004:000019b0       $pdata$5$qsort             00000001800399b0     libucrt:qsort.obj
 0004:000019bc       $pdata$fallbackMethod      00000001800399bc     libucrt:strpbrk.obj
 0004:000019c8       $pdata$strpbrk             00000001800399c8     libucrt:strpbrk.obj
 0004:000019d4       $pdata$_mbsdec_l           00000001800399d4     libucrt:mbsdec.obj
 0004:000019e0       $pdata$?initialize_multibyte@@YAHXZ 00000001800399e0     libucrt:multibyte_initializer.obj
 0004:000019ec       $pdata$_msize_base         00000001800399ec     libucrt:msize.obj
 0004:000019f8       $pdata$??$common_xtox@K_W@@YAHKQEA_W_KI_N@Z 00000001800399f8     libucrt:xtoa.obj
 0004:00001a04       $pdata$??$common_xtox_s@K_W@@YAHKQEA_W_KI_N@Z 0000000180039a04     libucrt:xtoa.obj
 0004:00001a10       $pdata$_itow_s             0000000180039a10     libucrt:xtoa.obj
 0004:00001a1c       $pdata$_wcsnicmp           0000000180039a1c     libucrt:wcsnicmp.obj
 0004:00001a28       $pdata$_wcsnicmp_l         0000000180039a28     libucrt:wcsnicmp.obj
 0004:00001a34       $pdata$?__mbrtoc32_utf8@__crt_mbstring@@YA_KPEA_UPEBD_KPEAU_Mbstatet@@@Z 0000000180039a34     libucrt:mbrtoc32.obj
 0004:00001a40       $pdata$__dcrt_lowio_ensure_console_output_initialized 0000000180039a40     libucrt:initcon.obj
 0004:00001a4c       $pdata$__dcrt_terminate_console_output 0000000180039a4c     libucrt:initcon.obj
 0004:00001a58       $pdata$__dcrt_write_console 0000000180039a58     libucrt:initcon.obj
 0004:00001a64       $pdata$?__c16rtomb_utf8@__crt_mbstring@@YA_KPEAD_SPEAU_Mbstatet@@@Z 0000000180039a64     libucrt:c16rtomb.obj
 0004:00001a7c       $pdata$__acrt_LCMapStringW 0000000180039a7c     libucrt:lcmapstringw.obj
 0004:00001a88       $pdata$_log10_special      0000000180039a88     libucrt:log_special.obj
 0004:00001a94       $pdata$_log_special_common 0000000180039a94     libucrt:log_special.obj
 0004:00001aa0       $pdata$?DloadAcquireSectionWriteAccess@@YAXXZ 0000000180039aa0     DelayImp:delayhlp.obj
 0004:00001aac       $pdata$?DloadGetSRWLockFunctionPointers@@YAEXZ 0000000180039aac     DelayImp:delayhlp.obj
 0004:00001ab8       $pdata$?DloadMakePermanentImageCommit@@YAXPEAX_K@Z 0000000180039ab8     DelayImp:delayhlp.obj
 0004:00001ac4       $pdata$?DloadObtainSection@@YAPEAXPEAK0@Z 0000000180039ac4     DelayImp:delayhlp.obj
 0004:00001ad0       $pdata$?DloadProtectSection@@YAXKPEAK@Z 0000000180039ad0     DelayImp:delayhlp.obj
 0004:00001adc       $pdata$?DloadReleaseSectionWriteAccess@@YAXXZ 0000000180039adc     DelayImp:delayhlp.obj
 0004:00001ae8       $pdata$__delayLoadHelper2  0000000180039ae8     DelayImp:delayhlp.obj
 0004:00001af4       $pdata$_IsNonwritableInCurrentImage 0000000180039af4     LIBCMT:pesect.obj
 0004:00001b00       $pdata$_local_unwind       0000000180039b00     libvcruntime:jmpuwind.obj
 0004:00001b0c       $pdata$wcschr              0000000180039b0c     libvcruntime:wcschr.obj
 0004:00001b24       $pdata$?catch$0@?0??isDebug@demo@@YAXAEBV?$FunctionCallbackInfo@VValue@v8@@@v8@@@Z@4HA 0000000180039b24     environment_variable.obj
 0004:00001b30       $pdata$?dtor$0@?0???0?$basic_ostream@DU?$char_traits@D@std@@@std@@QEAA@PEAV?$basic_streambuf@DU?$char_traits@D@std@@@1@_N@Z@4HA 0000000180039b30     libcpmt:cout.obj
 0004:00001b3c       $pdata$?dtor$0@?0??_Getcat@?$codecvt@DDU_Mbstatet@@@std@@SA_KPEAPEBVfacet@locale@2@PEBV42@@Z@4HA 0000000180039b3c     libcpmt:cout.obj
 0004:00001b48       $pdata$?fin$0@?0??dllmain_crt_process_attach@@YAHQEAUHINSTANCE__@@QEAX@Z@4HA 0000000180039b48     LIBCMT:dll_dllmain.obj
 0004:00001b54       $pdata$?fin$0@?0??dllmain_crt_process_detach@@YAH_N@Z@4HA 0000000180039b54     LIBCMT:dll_dllmain.obj
 0004:00001b60       $pdata$?filt$0@?0??dllmain_dispatch@@YAHQEAUHINSTANCE__@@KQEAX@Z@4HA 0000000180039b60     LIBCMT:dll_dllmain.obj
 0004:00001b6c       $pdata$__scrt_is_nonwritable_in_current_image$filt$0 0000000180039b6c     LIBCMT:utility.obj
 0004:00001b78       $pdata$?filt$0@?0???$_CallSETranslator@V__FrameHandler3@@@@YAHPEAUEHExceptionRecord@@PEA_KPEAU_CONTEXT@@PEAU_xDISPATCHER_CONTEXT@@PEBU_s_FuncInfo@@K1@Z@4HA 0000000180039b78     libvcruntime:risctrnsctrl.obj
 0004:00001b84       $pdata$__DestructExceptionObject$filt$0 0000000180039b84     libvcruntime:ehhelpers.obj
 0004:00001b90       $pdata$?filt$0@?0??CxxCallCatchBlock@__FrameHandler3@@SAPEAXPEAU_EXCEPTION_RECORD@@@Z@4HA 0000000180039b90     libvcruntime:frame.obj
 0004:00001b9c       $pdata$?fin$1@?0??CxxCallCatchBlock@__FrameHandler3@@SAPEAXPEAU_EXCEPTION_RECORD@@@Z@4HA 0000000180039b9c     libvcruntime:frame.obj
 0004:00001ba8       $pdata$?filt$0@?0??FrameUnwindToState@__FrameHandler3@@SAXPEA_KPEAU_xDISPATCHER_CONTEXT@@PEBU_s_FuncInfo@@H@Z@4HA 0000000180039ba8     libvcruntime:frame.obj
 0004:00001bb4       $pdata$?fin$1@?0??FrameUnwindToState@__FrameHandler3@@SAXPEA_KPEAU_xDISPATCHER_CONTEXT@@PEBU_s_FuncInfo@@H@Z@4HA 0000000180039bb4     libvcruntime:frame.obj
 0004:00001bc0       $pdata$?fin$0@?0??common_fseek@@YAHV__crt_stdio_stream@@_JH@Z@4HA 0000000180039bc0     libucrt:fseek.obj
 0004:00001bc0       $pdata$?fin$0@?0???$common_ftell@_J@@YA_JV__crt_stdio_stream@@@Z@4HA 0000000180039bc0     libucrt:ftell.obj
 0004:00001bc0       $pdata$fclose$fin$0        0000000180039bc0     libucrt:fclose.obj
 0004:00001bcc       $pdata$?fin$0@?0???$?RV<lambda_84ec643ea9557e2f7dc01bb0e9624395>@@AEAV<lambda_ca71763b3c0644891230e4f79ea54fa6>@@V<lambda_439a761618c59b0600e24586724d733b>@@@?$__crt_seh_guarded_call@H@@QEAAH$$QEAV<lambda_84ec643ea9557e2f7dc01bb0e9624395>@@AEAV<lambda_ca71763b3c0644891230e4f79ea54fa6>@@$$QEAV<lambda_439a761618c59b0600e24586724d733b>@@@Z@4HA 0000000180039bcc     libucrt:setvbuf.obj
 0004:00001bcc       $pdata$?fin$0@?0???$?RV<lambda_842d9ff0dc9ef11c61343bbaebe7f885>@@AEAV<lambda_c5860995281e5c4ce005b3de8f5874ee>@@V<lambda_d90129c13df834fdcbf8d2b88dafcf2d>@@@?$__crt_seh_guarded_call@X@@QEAAX$$QEAV<lambda_842d9ff0dc9ef11c61343bbaebe7f885>@@AEAV<lambda_c5860995281e5c4ce005b3de8f5874ee>@@$$QEAV<lambda_d90129c13df834fdcbf8d2b88dafcf2d>@@@Z@4HA 0000000180039bcc     libucrt:fflush.obj
 0004:00001bcc       $pdata$?fin$0@?0???$?RV<lambda_bdbcead8b570fa3d5ec6d9679862a6e5>@@AEAV<lambda_96f4279ff90247a4c5c5d9824f56f8c1>@@V<lambda_4606be27f17b5e5579e09050fab91818>@@@?$__crt_seh_guarded_call@_K@@QEAA_K$$QEAV<lambda_bdbcead8b570fa3d5ec6d9679862a6e5>@@AEAV<lambda_96f4279ff90247a4c5c5d9824f56f8c1>@@$$QEAV<lambda_4606be27f17b5e5579e09050fab91818>@@@Z@4HA 0000000180039bcc     libucrt:fwrite.obj
 0004:00001bcc       $pdata$?fin$0@?0???$?RV<lambda_c376a267cfb53b6959b3b692ec76b120>@@AEAV<lambda_9a32fed5bf61b6b509b2d3f6003082a1>@@V<lambda_572fbb9fa0ab338edf41edfd4b5fcc8d>@@@?$__crt_seh_guarded_call@H@@QEAAH$$QEAV<lambda_c376a267cfb53b6959b3b692ec76b120>@@AEAV<lambda_9a32fed5bf61b6b509b2d3f6003082a1>@@$$QEAV<lambda_572fbb9fa0ab338edf41edfd4b5fcc8d>@@@Z@4HA 0000000180039bcc     libucrt:fflush.obj
 0004:00001bd8       $pdata$?fin$0@?0???$?RV<lambda_886d6c58226a84441f68b9f2b8217b83>@@AEAV<lambda_ab61a845afdef5b7c387490eaf3616ee>@@V<lambda_f7f22ab5edc0698d5f6905b0d3f44752>@@@?$__crt_seh_guarded_call@X@@QEAAX$$QEAV<lambda_886d6c58226a84441f68b9f2b8217b83>@@AEAV<lambda_ab61a845afdef5b7c387490eaf3616ee>@@$$QEAV<lambda_f7f22ab5edc0698d5f6905b0d3f44752>@@@Z@4HA 0000000180039bd8     libucrt:fflush.obj
 0004:00001be4       $pdata$fgetc$fin$0         0000000180039be4     libucrt:fgetc.obj
 0004:00001bf0       $pdata$fputc$fin$0         0000000180039bf0     libucrt:fputc.obj
 0004:00001bfc       $pdata$fread_s$fin$0       0000000180039bfc     libucrt:fread.obj
 0004:00001c08       $pdata$ungetc$fin$0        0000000180039c08     libucrt:ungetc.obj
 0004:00001c14       $pdata$?fin$0@?0???$?RV<lambda_638799b9deba96c50f710eeac98168cd>@@AEAV<lambda_22ebabd17bc4fa466a2aca6d8deb888d>@@V<lambda_a6f7d7db0129f75315ebf26d50c089f1>@@@?$__crt_seh_guarded_call@H@@QEAAH$$QEAV<lambda_638799b9deba96c50f710eeac98168cd>@@AEAV<lambda_22ebabd17bc4fa466a2aca6d8deb888d>@@$$QEAV<lambda_a6f7d7db0129f75315ebf26d50c089f1>@@@Z@4HA 0000000180039c14     libucrt:onexit.obj
 0004:00001c14       $pdata$?fin$0@?0???$?RV<lambda_2d41944a1d46af3157314b8a01080d33>@@AEAV<lambda_8f455de75cd7d7f24b4096f044d8b9e6>@@V<lambda_aa500f224e6afead328df44964fe2772>@@@?$__crt_seh_guarded_call@X@@QEAAX$$QEAV<lambda_2d41944a1d46af3157314b8a01080d33>@@AEAV<lambda_8f455de75cd7d7f24b4096f044d8b9e6>@@$$QEAV<lambda_aa500f224e6afead328df44964fe2772>@@@Z@4HA 0000000180039c14     libucrt:per_thread_data.obj
 0004:00001c14       $pdata$?fin$0@?0???$?RV<lambda_aa87e3671a710a21b5dc78c0bdf72e11>@@AEAV<lambda_92619d2358a28f41a33ba319515a20b9>@@V<lambda_6992ecaafeb10aed2b74cb1fae11a551>@@@?$__crt_seh_guarded_call@X@@QEAAX$$QEAV<lambda_aa87e3671a710a21b5dc78c0bdf72e11>@@AEAV<lambda_92619d2358a28f41a33ba319515a20b9>@@$$QEAV<lambda_6992ecaafeb10aed2b74cb1fae11a551>@@@Z@4HA 0000000180039c14     libucrt:per_thread_data.obj
 0004:00001c14       $pdata$?fin$0@?0???$?RV<lambda_9bd929c17696992ce54f1d748594fc62>@@AEAV<lambda_082c17da81b0962e08c0587ee0fac50c>@@V<lambda_9c08ac857f4975304d44e9f601d9b878>@@@?$__crt_seh_guarded_call@PEAD@@QEAAPEAD$$QEAV<lambda_9bd929c17696992ce54f1d748594fc62>@@AEAV<lambda_082c17da81b0962e08c0587ee0fac50c>@@$$QEAV<lambda_9c08ac857f4975304d44e9f601d9b878>@@@Z@4HA 0000000180039c14     libucrt:setlocale.obj
 0004:00001c14       $pdata$?fin$0@?0???$?RV<lambda_bd00b5aa228bd7e7e5b2b5db5fd2933b>@@AEAV<lambda_777d11615145f89ee95b9466d285deeb>@@V<lambda_6e5e48fbd24f9f8f81b203eb3d877683>@@@?$__crt_seh_guarded_call@H@@QEAAH$$QEAV<lambda_bd00b5aa228bd7e7e5b2b5db5fd2933b>@@AEAV<lambda_777d11615145f89ee95b9466d285deeb>@@$$QEAV<lambda_6e5e48fbd24f9f8f81b203eb3d877683>@@@Z@4HA 0000000180039c14     libucrt:winapi_thunks.obj
 0004:00001c14       $pdata$?fin$0@?0???$?RV<lambda_450d765d439847d4c735a33c368b5fc0>@@AEAV<lambda_44731a7d0e6d81c3e6aa82d741081786>@@V<lambda_601a2a7da3b7a96e9554ac7215c4b07c>@@@?$__crt_seh_guarded_call@P6AXH@Z@@QEAAP6AXH@Z$$QEAV<lambda_450d765d439847d4c735a33c368b5fc0>@@AEAV<lambda_44731a7d0e6d81c3e6aa82d741081786>@@$$QEAV<lambda_601a2a7da3b7a96e9554ac7215c4b07c>@@@Z@4HA 0000000180039c14     libucrt:signal.obj
 0004:00001c14       $pdata$?fin$0@?0???$?RV<lambda_7777bce6b2f8c936911f934f8298dc43>@@AEAV<lambda_f03950bc5685219e0bcd2087efbe011e>@@V<lambda_3883c3dff614d5e0c5f61bb1ac94921c>@@@?$__crt_seh_guarded_call@H@@QEAAH$$QEAV<lambda_7777bce6b2f8c936911f934f8298dc43>@@AEAV<lambda_f03950bc5685219e0bcd2087efbe011e>@@$$QEAV<lambda_3883c3dff614d5e0c5f61bb1ac94921c>@@@Z@4HA 0000000180039c14     libucrt:onexit.obj
 0004:00001c14       $pdata$?fin$0@?0???$?RV<lambda_efdfa57d1f175319df784efa44bb7b81>@@AEAV<lambda_5f0a4c1567f8adc6734073e5d1e1b35c>@@V<lambda_2e8a7d3640ea6ccb4c2413664c2db6fd>@@@?$__crt_seh_guarded_call@X@@QEAAX$$QEAV<lambda_efdfa57d1f175319df784efa44bb7b81>@@AEAV<lambda_5f0a4c1567f8adc6734073e5d1e1b35c>@@$$QEAV<lambda_2e8a7d3640ea6ccb4c2413664c2db6fd>@@@Z@4HA 0000000180039c14     libucrt:mbctype.obj
 0004:00001c14       $pdata$?fin$0@?0???$?RV<lambda_1d892b297fdedeee07ed8124eeb2f2fa>@@AEAV<lambda_ffc046909424fd52df0ac47e64813305>@@V<lambda_01a7098693036236037e7cdb9bca3d73>@@@?$__crt_seh_guarded_call@X@@QEAAX$$QEAV<lambda_1d892b297fdedeee07ed8124eeb2f2fa>@@AEAV<lambda_ffc046909424fd52df0ac47e64813305>@@$$QEAV<lambda_01a7098693036236037e7cdb9bca3d73>@@@Z@4HA 0000000180039c14     libucrt:wsetlocale.obj
 0004:00001c14       $pdata$?fin$0@?0???$?RV<lambda_d80eeec6fff315bfe5c115232f3240e3>@@AEAV<lambda_6e4b09c48022b2350581041d5f6b0c4c>@@V<lambda_2358e3775559c9db80273638284d5e45>@@@?$__crt_seh_guarded_call@X@@QEAAX$$QEAV<lambda_d80eeec6fff315bfe5c115232f3240e3>@@AEAV<lambda_6e4b09c48022b2350581041d5f6b0c4c>@@$$QEAV<lambda_2358e3775559c9db80273638284d5e45>@@@Z@4HA 0000000180039c14     libucrt:exit.obj
 0004:00001c14       $pdata$?fin$0@?0???$?RV<lambda_0ae27a3a962d80f24befdcbee591983d>@@AEAV<lambda_8d0ee55de4b1038c4002e0adecdf1839>@@V<lambda_dc504788e8f1664fe9b84e20bfb512f2>@@@?$__crt_seh_guarded_call@X@@QEAAX$$QEAV<lambda_0ae27a3a962d80f24befdcbee591983d>@@AEAV<lambda_8d0ee55de4b1038c4002e0adecdf1839>@@$$QEAV<lambda_dc504788e8f1664fe9b84e20bfb512f2>@@@Z@4HA 0000000180039c14     libucrt:per_thread_data.obj
 0004:00001c14       $pdata$?fin$0@?0???$?RV<lambda_f2e299630e499de9f9a165e60fcd3db5>@@AEAV<lambda_2ae9d31cdba2644fcbeaf08da7c24588>@@V<lambda_40d01ff24d0e7b3814fdbdcee8eab3c7>@@@?$__crt_seh_guarded_call@X@@QEAAX$$QEAV<lambda_f2e299630e499de9f9a165e60fcd3db5>@@AEAV<lambda_2ae9d31cdba2644fcbeaf08da7c24588>@@$$QEAV<lambda_40d01ff24d0e7b3814fdbdcee8eab3c7>@@@Z@4HA 0000000180039c14     libucrt:per_thread_data.obj
 0004:00001c20       $pdata$_query_new_handler$fin$0 0000000180039c20     libucrt:new_handler.obj
 0004:00001c2c       $pdata$?filt$0@?0???R<lambda_6e4b09c48022b2350581041d5f6b0c4c>@@QEBA@XZ@4HA 0000000180039c2c     libucrt:exit.obj
 0004:00001c38       $pdata$raise$fin$0         0000000180039c38     libucrt:signal.obj
 0004:00001c44       $pdata$?fin$0@?0???$?RV<lambda_410d79af7f07d98d83a3f525b3859a53>@@AEAV<lambda_3e16ef9562a7dcce91392c22ab16ea36>@@V<lambda_38119f0e861e05405d8a144b9b982f0a>@@@?$__crt_seh_guarded_call@X@@QEAAX$$QEAV<lambda_410d79af7f07d98d83a3f525b3859a53>@@AEAV<lambda_3e16ef9562a7dcce91392c22ab16ea36>@@$$QEAV<lambda_38119f0e861e05405d8a144b9b982f0a>@@@Z@4HA 0000000180039c44     libucrt:wsetlocale.obj
 0004:00001c50       $pdata$?fin$0@?0???$?RV<lambda_7f2adfce497ff2baa965cd4f576ecfd1>@@AEAV<lambda_2a444430fde8c29194d880d93eed5e8f>@@AEAV<lambda_8dff2cf36a5417162780cd64fa2883ef>@@@?$__crt_seh_guarded_call@X@@QEAAX$$QEAV<lambda_7f2adfce497ff2baa965cd4f576ecfd1>@@AEAV<lambda_2a444430fde8c29194d880d93eed5e8f>@@AEAV<lambda_8dff2cf36a5417162780cd64fa2883ef>@@@Z@4HA 0000000180039c50     libucrt:wsetlocale.obj
 0004:00001c5c       $pdata$_fcloseall$fin$0    0000000180039c5c     libucrt:closeall.obj
 0004:00001c68       $pdata$__acrt_initialize_lowio$fin$0 0000000180039c68     libucrt:ioinit.obj
 0004:00001c68       $pdata$__acrt_lowio_ensure_fh_exists$fin$0 0000000180039c68     libucrt:osfinfo.obj
 0004:00001c74       $pdata$?fin$0@?0???$?RV<lambda_a37b2b86f63e897a80ea819b0eb08c01>@@AEAV<lambda_38ce7e780aa69e748d6df282ebc68efe>@@V<lambda_99fb1378e971ab6e7edea83e3a7a83a2>@@@?$__crt_seh_guarded_call@H@@QEAAH$$QEAV<lambda_a37b2b86f63e897a80ea819b0eb08c01>@@AEAV<lambda_38ce7e780aa69e748d6df282ebc68efe>@@$$QEAV<lambda_99fb1378e971ab6e7edea83e3a7a83a2>@@@Z@4HA 0000000180039c74     libucrt:commit.obj
 0004:00001c74       $pdata$?fin$0@?0???$?RV<lambda_751a882b2c74d4b022dec766aa51a29a>@@AEAV<lambda_628dfdc04ba53c8bfc02c9951375f3f5>@@V<lambda_f6c7be5f7998530c34de24c7437d6b54>@@@?$__crt_seh_guarded_call@H@@QEAAH$$QEAV<lambda_751a882b2c74d4b022dec766aa51a29a>@@AEAV<lambda_628dfdc04ba53c8bfc02c9951375f3f5>@@$$QEAV<lambda_f6c7be5f7998530c34de24c7437d6b54>@@@Z@4HA 0000000180039c74     libucrt:close.obj
 0004:00001c80       $pdata$?fin$0@?0???$common_lseek@_J@@YA_JH_JH@Z@4HA 0000000180039c80     libucrt:lseek.obj
 0004:00001c80       $pdata$_write$fin$0        0000000180039c80     libucrt:write.obj
 0004:00001c8c       $pdata$_read$fin$0         0000000180039c8c     libucrt:read.obj
 0004:00001c98       $pdata$_ctrlfp$filt$0      0000000180039c98     libucrt:fpctrl.obj
 0004:00001ca4       $pdata$?fin$0@?0??update_thread_multibyte_data_internal@@YAPEAU__crt_multibyte_data@@QEAU__acrt_ptd@@QEAPEAU1@@Z@4HA 0000000180039ca4     libucrt:mbctype.obj
 0004:00001cb0       $pdata$__acrt_update_thread_locale_data$fin$0 0000000180039cb0     libucrt:locale_refcounting.obj
 0004:00001cbc       $pdata$_IsNonwritableInCurrentImage$filt$0 0000000180039cbc     LIBCMT:pesect.obj
 0004:00001cc8       $pdata$??__Fcout@std@@YAXXZ 0000000180039cc8     libcpmt:cout.obj
 0004:00001cd4       $pdata$??__Fclassic_locale@std@@YAXXZ 0000000180039cd4     libcpmt:locale0.obj
 0004:00001ce0       $pdata$??__Finit_atexit@@YAXXZ 0000000180039ce0     libcpmt:iosptrs.obj
 0005:00000060       $R000000                   000000018003a060     * linker generated manifest res *

 Exports

  ordinal    name

        1    _register_environment_cpp_
